Archive member included to satisfy reference by file (symbol)

/home/lm/ps4-payload-sdk/libPS4/libPS4.a(payload_utils.o)
                              build/main.o (get_firmware_string)
/home/lm/ps4-payload-sdk/libPS4/libPS4.a(file.o)
                              build/main.o (read)
/home/lm/ps4-payload-sdk/libPS4/libPS4.a(sysutil.o)
                              build/main.o (initSysUtil)
/home/lm/ps4-payload-sdk/libPS4/libPS4.a(dump.o)
                              build/main.o (wait_for_usb)
/home/lm/ps4-payload-sdk/libPS4/libPS4.a(memory.o)
                              build/main.o (mmap)
/home/lm/ps4-payload-sdk/libPS4/libPS4.a(debug.o)
                              build/main.o (DEBUG_SOCK)
/home/lm/ps4-payload-sdk/libPS4/libPS4.a(libc.o)
                              build/main.o (initLibc)
/home/lm/ps4-payload-sdk/libPS4/libPS4.a(module.o)
                              build/main.o (getFunctionAddressByName)
/home/lm/ps4-payload-sdk/libPS4/libPS4.a(network.o)
                              build/main.o (SckSend)
/home/lm/ps4-payload-sdk/libPS4/libPS4.a(kernel.o)
                              /home/lm/ps4-payload-sdk/libPS4/libPS4.a(payload_utils.o) (kexec)
/home/lm/ps4-payload-sdk/libPS4/libPS4.a(syscall.o)
                              build/main.o (syscall)

Merging program properties

Removed property 0xc0000002 to merge build/main.o (0x3) and /tmp/cc7gqL8s.o (not found)
Removed property 0xc0000002 to merge build/main.o (not found) and /home/lm/ps4-payload-sdk/libPS4/libPS4.a(payload_utils.o) (0x3)
Removed property 0xc0000002 to merge build/main.o (not found) and /home/lm/ps4-payload-sdk/libPS4/libPS4.a(file.o) (0x3)
Removed property 0xc0000002 to merge build/main.o (not found) and /home/lm/ps4-payload-sdk/libPS4/libPS4.a(sysutil.o) (0x3)
Removed property 0xc0000002 to merge build/main.o (not found) and /home/lm/ps4-payload-sdk/libPS4/libPS4.a(dump.o) (0x3)
Removed property 0xc0000002 to merge build/main.o (not found) and /home/lm/ps4-payload-sdk/libPS4/libPS4.a(memory.o) (0x3)
Removed property 0xc0000002 to merge build/main.o (not found) and /home/lm/ps4-payload-sdk/libPS4/libPS4.a(debug.o) (0x3)
Removed property 0xc0000002 to merge build/main.o (not found) and /home/lm/ps4-payload-sdk/libPS4/libPS4.a(libc.o) (0x3)
Removed property 0xc0000002 to merge build/main.o (not found) and /home/lm/ps4-payload-sdk/libPS4/libPS4.a(module.o) (0x3)
Removed property 0xc0000002 to merge build/main.o (not found) and /home/lm/ps4-payload-sdk/libPS4/libPS4.a(network.o) (0x3)
Removed property 0xc0000002 to merge build/main.o (not found) and /home/lm/ps4-payload-sdk/libPS4/libPS4.a(kernel.o) (0x3)

Allocating common symbols
Common symbol       size              file

strcpy              0x8               /home/lm/ps4-payload-sdk/libPS4/libPS4.a(libc.o)
asctime             0x8               /home/lm/ps4-payload-sdk/libPS4/libPS4.a(libc.o)
libc                0x4               /home/lm/ps4-payload-sdk/libPS4/libPS4.a(libc.o)
sceKernelGettimeofday
                    0x8               /home/lm/ps4-payload-sdk/libPS4/libPS4.a(kernel.o)
sceSysmoduleLoadModule
                    0x8               /home/lm/ps4-payload-sdk/libPS4/libPS4.a(module.o)
getgid              0x8               /home/lm/ps4-payload-sdk/libPS4/libPS4.a(kernel.o)
sceUserServiceInitialize
                    0x8               /home/lm/ps4-payload-sdk/libPS4/libPS4.a(sysutil.o)
strerror            0x8               /home/lm/ps4-payload-sdk/libPS4/libPS4.a(libc.o)
memmove             0x8               /home/lm/ps4-payload-sdk/libPS4/libPS4.a(libc.o)
snprintf            0x8               /home/lm/ps4-payload-sdk/libPS4/libPS4.a(libc.o)
strncpy_s           0x8               /home/lm/ps4-payload-sdk/libPS4/libPS4.a(libc.o)
libKernelHandle     0x4               /home/lm/ps4-payload-sdk/libPS4/libPS4.a(kernel.o)
__stack_chk_guard   0x8               /home/lm/ps4-payload-sdk/libPS4/libPS4.a(kernel.o)
sceKernelGetDirectMemorySize
                    0x8               /home/lm/ps4-payload-sdk/libPS4/libPS4.a(kernel.o)
ceil                0x8               /home/lm/ps4-payload-sdk/libPS4/libPS4.a(libc.o)
sceNetCtlInit       0x8               /home/lm/ps4-payload-sdk/libPS4/libPS4.a(network.o)
sceNetHtonll        0x8               /home/lm/ps4-payload-sdk/libPS4/libPS4.a(network.o)
execve              0x8               /home/lm/ps4-payload-sdk/libPS4/libPS4.a(kernel.o)
getpid              0x8               /home/lm/ps4-payload-sdk/libPS4/libPS4.a(kernel.o)
sceNetNtohll        0x8               /home/lm/ps4-payload-sdk/libPS4/libPS4.a(network.o)
sceKernelSleep      0x8               /home/lm/ps4-payload-sdk/libPS4/libPS4.a(kernel.o)
memcpy              0x8               /home/lm/ps4-payload-sdk/libPS4/libPS4.a(libc.o)
sceKernelGetCurrentCpu
                    0x8               /home/lm/ps4-payload-sdk/libPS4/libPS4.a(kernel.o)
sceNetCtlGetInfo    0x8               /home/lm/ps4-payload-sdk/libPS4/libPS4.a(network.o)
seekdir             0x8               /home/lm/ps4-payload-sdk/libPS4/libPS4.a(libc.o)
sceKernelDeleteEqueue
                    0x8               /home/lm/ps4-payload-sdk/libPS4/libPS4.a(kernel.o)
sceKernelGetCpuTemperature
                    0x8               /home/lm/ps4-payload-sdk/libPS4/libPS4.a(kernel.o)
getuid              0x8               /home/lm/ps4-payload-sdk/libPS4/libPS4.a(kernel.o)
rewinddir           0x8               /home/lm/ps4-payload-sdk/libPS4/libPS4.a(libc.o)
malloc              0x8               /home/lm/ps4-payload-sdk/libPS4/libPS4.a(libc.o)
sceNetInetNtop      0x8               /home/lm/ps4-payload-sdk/libPS4/libPS4.a(network.o)
libModule           0x4               /home/lm/ps4-payload-sdk/libPS4/libPS4.a(module.o)
readdir_r           0x8               /home/lm/ps4-payload-sdk/libPS4/libPS4.a(libc.o)
sceNetSocket        0x8               /home/lm/ps4-payload-sdk/libPS4/libPS4.a(network.o)
getprogname         0x8               /home/lm/ps4-payload-sdk/libPS4/libPS4.a(libc.o)
readdir             0x8               /home/lm/ps4-payload-sdk/libPS4/libPS4.a(libc.o)
sceSysUtilSendSystemNotificationWithText
                    0x8               /home/lm/ps4-payload-sdk/libPS4/libPS4.a(sysutil.o)
sceUserServiceGetInitialUser
                    0x8               /home/lm/ps4-payload-sdk/libPS4/libPS4.a(sysutil.o)
sceNetInetPton      0x8               /home/lm/ps4-payload-sdk/libPS4/libPS4.a(network.o)
__stack_chk_fail    0x8               /home/lm/ps4-payload-sdk/libPS4/libPS4.a(kernel.o)
sceKernelMapDirectMemory
                    0x8               /home/lm/ps4-payload-sdk/libPS4/libPS4.a(kernel.o)
strtol              0x8               /home/lm/ps4-payload-sdk/libPS4/libPS4.a(libc.o)
g_firmware          0x2               /home/lm/ps4-payload-sdk/libPS4/libPS4.a(payload_utils.o)
snprintf_s          0x8               /home/lm/ps4-payload-sdk/libPS4/libPS4.a(libc.o)
sysarch             0x8               /home/lm/ps4-payload-sdk/libPS4/libPS4.a(kernel.o)
strrchr             0x8               /home/lm/ps4-payload-sdk/libPS4/libPS4.a(libc.o)
calloc              0x8               /home/lm/ps4-payload-sdk/libPS4/libPS4.a(libc.o)
rindex              0x8               /home/lm/ps4-payload-sdk/libPS4/libPS4.a(libc.o)
sceNetGetsockname   0x8               /home/lm/ps4-payload-sdk/libPS4/libPS4.a(network.o)
sceKernelError      0x8               /home/lm/ps4-payload-sdk/libPS4/libPS4.a(kernel.o)
atof                0x8               /home/lm/ps4-payload-sdk/libPS4/libPS4.a(libc.o)
sceNetHtons         0x8               /home/lm/ps4-payload-sdk/libPS4/libPS4.a(network.o)
_Getpctype          0x8               /home/lm/ps4-payload-sdk/libPS4/libPS4.a(libc.o)
sysctl              0x8               /home/lm/ps4-payload-sdk/libPS4/libPS4.a(kernel.o)
fprintf             0x8               /home/lm/ps4-payload-sdk/libPS4/libPS4.a(libc.o)
ctime               0x8               /home/lm/ps4-payload-sdk/libPS4/libPS4.a(libc.o)
sceKernelRead       0x8               /home/lm/ps4-payload-sdk/libPS4/libPS4.a(kernel.o)
strcat              0x8               /home/lm/ps4-payload-sdk/libPS4/libPS4.a(libc.o)
sceNetSend          0x8               /home/lm/ps4-payload-sdk/libPS4/libPS4.a(network.o)
setregid            0x8               /home/lm/ps4-payload-sdk/libPS4/libPS4.a(kernel.o)
fseek               0x8               /home/lm/ps4-payload-sdk/libPS4/libPS4.a(libc.o)
libSceUserService   0x4               /home/lm/ps4-payload-sdk/libPS4/libPS4.a(sysutil.o)
mktime              0x8               /home/lm/ps4-payload-sdk/libPS4/libPS4.a(libc.o)
strstr              0x8               /home/lm/ps4-payload-sdk/libPS4/libPS4.a(libc.o)
__error             0x8               /home/lm/ps4-payload-sdk/libPS4/libPS4.a(kernel.o)
rand                0x8               /home/lm/ps4-payload-sdk/libPS4/libPS4.a(libc.o)
sceKernelSendNotificationRequest
                    0x8               /home/lm/ps4-payload-sdk/libPS4/libPS4.a(kernel.o)
sceNetHtonl         0x8               /home/lm/ps4-payload-sdk/libPS4/libPS4.a(network.o)
setgid              0x8               /home/lm/ps4-payload-sdk/libPS4/libPS4.a(kernel.o)
dirfd               0x8               /home/lm/ps4-payload-sdk/libPS4/libPS4.a(libc.o)
sceNetErrnoLoc      0x8               /home/lm/ps4-payload-sdk/libPS4/libPS4.a(network.o)
sceKernelLseek      0x8               /home/lm/ps4-payload-sdk/libPS4/libPS4.a(kernel.o)
sceKernelStat       0x8               /home/lm/ps4-payload-sdk/libPS4/libPS4.a(kernel.o)
strlcpy             0x8               /home/lm/ps4-payload-sdk/libPS4/libPS4.a(libc.o)
strncmp             0x8               /home/lm/ps4-payload-sdk/libPS4/libPS4.a(libc.o)
sceKernelLoadStartModule
                    0x8               /home/lm/ps4-payload-sdk/libPS4/libPS4.a(kernel.o)
sceSystemServiceLaunchWebBrowser
                    0x8               /home/lm/ps4-payload-sdk/libPS4/libPS4.a(sysutil.o)
strncpy             0x8               /home/lm/ps4-payload-sdk/libPS4/libPS4.a(libc.o)
realloc             0x8               /home/lm/ps4-payload-sdk/libPS4/libPS4.a(libc.o)
sceKernelGetSystemSwVersion
                    0x8               /home/lm/ps4-payload-sdk/libPS4/libPS4.a(kernel.o)
bcopy               0x8               /home/lm/ps4-payload-sdk/libPS4/libPS4.a(libc.o)
strtok              0x8               /home/lm/ps4-payload-sdk/libPS4/libPS4.a(libc.o)
memcmp              0x8               /home/lm/ps4-payload-sdk/libPS4/libPS4.a(libc.o)
sceKernelClose      0x8               /home/lm/ps4-payload-sdk/libPS4/libPS4.a(kernel.o)
sscanf              0x8               /home/lm/ps4-payload-sdk/libPS4/libPS4.a(libc.o)
sceUserServiceGetUserName
                    0x8               /home/lm/ps4-payload-sdk/libPS4/libPS4.a(sysutil.o)
strncat             0x8               /home/lm/ps4-payload-sdk/libPS4/libPS4.a(libc.o)
memmove_s           0x8               /home/lm/ps4-payload-sdk/libPS4/libPS4.a(libc.o)
fread               0x8               /home/lm/ps4-payload-sdk/libPS4/libPS4.a(libc.o)
_Stoul              0x8               /home/lm/ps4-payload-sdk/libPS4/libPS4.a(libc.o)
pthread_setaffinity_np
                    0x8               /home/lm/ps4-payload-sdk/libPS4/libPS4.a(kernel.o)
strdup              0x8               /home/lm/ps4-payload-sdk/libPS4/libPS4.a(libc.o)
sceNetSetsockopt    0x8               /home/lm/ps4-payload-sdk/libPS4/libPS4.a(network.o)
index               0x8               /home/lm/ps4-payload-sdk/libPS4/libPS4.a(libc.o)
libSceSystemService
                    0x4               /home/lm/ps4-payload-sdk/libPS4/libPS4.a(sysutil.o)
sceNetSocketClose   0x8               /home/lm/ps4-payload-sdk/libPS4/libPS4.a(network.o)
fopen               0x8               /home/lm/ps4-payload-sdk/libPS4/libPS4.a(libc.o)
sceKernelGetProcessTime
                    0x8               /home/lm/ps4-payload-sdk/libPS4/libPS4.a(kernel.o)
asctime_r           0x8               /home/lm/ps4-payload-sdk/libPS4/libPS4.a(libc.o)
setreuid            0x8               /home/lm/ps4-payload-sdk/libPS4/libPS4.a(kernel.o)
localtime           0x8               /home/lm/ps4-payload-sdk/libPS4/libPS4.a(libc.o)
memset              0x8               /home/lm/ps4-payload-sdk/libPS4/libPS4.a(libc.o)
ftell               0x8               /home/lm/ps4-payload-sdk/libPS4/libPS4.a(libc.o)
srand               0x8               /home/lm/ps4-payload-sdk/libPS4/libPS4.a(libc.o)
fclose              0x8               /home/lm/ps4-payload-sdk/libPS4/libPS4.a(libc.o)
sceKernelAllocateDirectMemory
                    0x8               /home/lm/ps4-payload-sdk/libPS4/libPS4.a(kernel.o)
time                0x8               /home/lm/ps4-payload-sdk/libPS4/libPS4.a(libc.o)
opendir             0x8               /home/lm/ps4-payload-sdk/libPS4/libPS4.a(libc.o)
strcmp              0x8               /home/lm/ps4-payload-sdk/libPS4/libPS4.a(libc.o)
sceNetRecv          0x8               /home/lm/ps4-payload-sdk/libPS4/libPS4.a(network.o)
sceUserServiceGetLoginUserIdList
                    0x8               /home/lm/ps4-payload-sdk/libPS4/libPS4.a(sysutil.o)
gmtime_s            0x8               /home/lm/ps4-payload-sdk/libPS4/libPS4.a(libc.o)
sceNetBind          0x8               /home/lm/ps4-payload-sdk/libPS4/libPS4.a(network.o)
memalign            0x8               /home/lm/ps4-payload-sdk/libPS4/libPS4.a(libc.o)
sprintf             0x8               /home/lm/ps4-payload-sdk/libPS4/libPS4.a(libc.o)
libNetCtl           0x4               /home/lm/ps4-payload-sdk/libPS4/libPS4.a(network.o)
sceNetConnect       0x8               /home/lm/ps4-payload-sdk/libPS4/libPS4.a(network.o)
sceNetNtohs         0x8               /home/lm/ps4-payload-sdk/libPS4/libPS4.a(network.o)
ctime_r             0x8               /home/lm/ps4-payload-sdk/libPS4/libPS4.a(libc.o)
sceKernelUsleep     0x8               /home/lm/ps4-payload-sdk/libPS4/libPS4.a(kernel.o)
sceNetCtlTerm       0x8               /home/lm/ps4-payload-sdk/libPS4/libPS4.a(network.o)
buf                 0xc8              build/main.o
sceKernelAddUserEvent
                    0x8               /home/lm/ps4-payload-sdk/libPS4/libPS4.a(kernel.o)
pthread_self        0x8               /home/lm/ps4-payload-sdk/libPS4/libPS4.a(kernel.o)
sceUserServiceTerminate
                    0x8               /home/lm/ps4-payload-sdk/libPS4/libPS4.a(sysutil.o)
localtime_r         0x8               /home/lm/ps4-payload-sdk/libPS4/libPS4.a(libc.o)
sceNetListen        0x8               /home/lm/ps4-payload-sdk/libPS4/libPS4.a(network.o)
isdigit             0x8               /home/lm/ps4-payload-sdk/libPS4/libPS4.a(libc.o)
sceKernelReboot     0x8               /home/lm/ps4-payload-sdk/libPS4/libPS4.a(sysutil.o)
fwrite              0x8               /home/lm/ps4-payload-sdk/libPS4/libPS4.a(libc.o)
sceKernelCreateEqueue
                    0x8               /home/lm/ps4-payload-sdk/libPS4/libPS4.a(kernel.o)
sceNetNtohl         0x8               /home/lm/ps4-payload-sdk/libPS4/libPS4.a(network.o)
sceNetGetsockopt    0x8               /home/lm/ps4-payload-sdk/libPS4/libPS4.a(network.o)
atoi                0x8               /home/lm/ps4-payload-sdk/libPS4/libPS4.a(libc.o)
gmtime              0x8               /home/lm/ps4-payload-sdk/libPS4/libPS4.a(libc.o)
strlen              0x8               /home/lm/ps4-payload-sdk/libPS4/libPS4.a(libc.o)
sceKernelOpen       0x8               /home/lm/ps4-payload-sdk/libPS4/libPS4.a(kernel.o)
strchr              0x8               /home/lm/ps4-payload-sdk/libPS4/libPS4.a(libc.o)
sceNetAccept        0x8               /home/lm/ps4-payload-sdk/libPS4/libPS4.a(network.o)
libNet              0x4               /home/lm/ps4-payload-sdk/libPS4/libPS4.a(network.o)
closedir            0x8               /home/lm/ps4-payload-sdk/libPS4/libPS4.a(libc.o)
setuid              0x8               /home/lm/ps4-payload-sdk/libPS4/libPS4.a(kernel.o)
sysUtilHandle       0x4               /home/lm/ps4-payload-sdk/libPS4/libPS4.a(sysutil.o)
sceKernelGetFsSandboxRandomWord
                    0x8               /home/lm/ps4-payload-sdk/libPS4/libPS4.a(kernel.o)
sceKernelAddReadEvent
                    0x8               /home/lm/ps4-payload-sdk/libPS4/libPS4.a(kernel.o)
sceNetSocketAbort   0x8               /home/lm/ps4-payload-sdk/libPS4/libPS4.a(network.o)
telldir             0x8               /home/lm/ps4-payload-sdk/libPS4/libPS4.a(libc.o)
sysctlbyname        0x8               /home/lm/ps4-payload-sdk/libPS4/libPS4.a(kernel.o)
free                0x8               /home/lm/ps4-payload-sdk/libPS4/libPS4.a(libc.o)

Discarded input sections

 .data          0x0000000000000000        0x0 /tmp/cc7gqL8s.o
 .bss           0x0000000000000000        0x0 /tmp/cc7gqL8s.o
 .text          0x0000000000000000        0x0 build/main.o
 .data          0x0000000000000000        0x0 build/main.o
 .bss           0x0000000000000000        0x0 build/main.o
 .comment       0x0000000000000000       0x2c build/main.o
 .note.GNU-stack
                0x0000000000000000        0x0 build/main.o
 .note.gnu.property
                0x0000000000000000       0x20 build/main.o
 .eh_frame      0x0000000000000000      0x278 build/main.o
 .text          0x0000000000000000        0x0 /home/lm/ps4-payload-sdk/libPS4/libPS4.a(payload_utils.o)
 .data          0x0000000000000000        0x0 /home/lm/ps4-payload-sdk/libPS4/libPS4.a(payload_utils.o)
 .bss           0x0000000000000000        0x0 /home/lm/ps4-payload-sdk/libPS4/libPS4.a(payload_utils.o)
 .rodata.kpayload_kbase.str1.1
                0x0000000000000000       0x15 /home/lm/ps4-payload-sdk/libPS4/libPS4.a(payload_utils.o)
 .text.kpayload_kbase
                0x0000000000000000      0x676 /home/lm/ps4-payload-sdk/libPS4/libPS4.a(payload_utils.o)
 .rodata.kpayload_kbase
                0x0000000000000000       0x50 /home/lm/ps4-payload-sdk/libPS4/libPS4.a(payload_utils.o)
 .text.kpayload_dump
                0x0000000000000000      0x571 /home/lm/ps4-payload-sdk/libPS4/libPS4.a(payload_utils.o)
 .rodata.kpayload_dump
                0x0000000000000000       0x50 /home/lm/ps4-payload-sdk/libPS4/libPS4.a(payload_utils.o)
 .text.kpayload_jailbreak
                0x0000000000000000      0x6a8 /home/lm/ps4-payload-sdk/libPS4/libPS4.a(payload_utils.o)
 .rodata.kpayload_jailbreak
                0x0000000000000000       0x50 /home/lm/ps4-payload-sdk/libPS4/libPS4.a(payload_utils.o)
 .text.kpayload_mmap
                0x0000000000000000      0x7b7 /home/lm/ps4-payload-sdk/libPS4/libPS4.a(payload_utils.o)
 .rodata.kpayload_mmap
                0x0000000000000000       0x50 /home/lm/ps4-payload-sdk/libPS4/libPS4.a(payload_utils.o)
 .text.kpayload_aslr
                0x0000000000000000      0x58a /home/lm/ps4-payload-sdk/libPS4/libPS4.a(payload_utils.o)
 .rodata.kpayload_aslr
                0x0000000000000000       0x50 /home/lm/ps4-payload-sdk/libPS4/libPS4.a(payload_utils.o)
 .rodata.kpayload_kernel_clock.str1.1
                0x0000000000000000       0xce /home/lm/ps4-payload-sdk/libPS4/libPS4.a(payload_utils.o)
 .text.kpayload_kernel_clock
                0x0000000000000000      0xf54 /home/lm/ps4-payload-sdk/libPS4/libPS4.a(payload_utils.o)
 .rodata.kpayload_kernel_clock
                0x0000000000000000       0x50 /home/lm/ps4-payload-sdk/libPS4/libPS4.a(payload_utils.o)
 .text.kpayload_enable_browser
                0x0000000000000000      0x62c /home/lm/ps4-payload-sdk/libPS4/libPS4.a(payload_utils.o)
 .rodata.kpayload_enable_browser
                0x0000000000000000       0x50 /home/lm/ps4-payload-sdk/libPS4/libPS4.a(payload_utils.o)
 .text.kpayload_target_id
                0x0000000000000000      0x593 /home/lm/ps4-payload-sdk/libPS4/libPS4.a(payload_utils.o)
 .rodata.kpayload_target_id
                0x0000000000000000       0x50 /home/lm/ps4-payload-sdk/libPS4/libPS4.a(payload_utils.o)
 .text.kpayload_perm_uart
                0x0000000000000000      0x5cb /home/lm/ps4-payload-sdk/libPS4/libPS4.a(payload_utils.o)
 .rodata.kpayload_perm_uart
                0x0000000000000000       0x50 /home/lm/ps4-payload-sdk/libPS4/libPS4.a(payload_utils.o)
 .text.kpayload_exit_idu
                0x0000000000000000      0x5cb /home/lm/ps4-payload-sdk/libPS4/libPS4.a(payload_utils.o)
 .rodata.kpayload_exit_idu
                0x0000000000000000       0x50 /home/lm/ps4-payload-sdk/libPS4/libPS4.a(payload_utils.o)
 .text.kpayload_npdrm_patch
                0x0000000000000000      0x833 /home/lm/ps4-payload-sdk/libPS4/libPS4.a(payload_utils.o)
 .rodata.kpayload_npdrm_patch
                0x0000000000000000       0x50 /home/lm/ps4-payload-sdk/libPS4/libPS4.a(payload_utils.o)
 .rodata.is_jailbroken.str1.1
                0x0000000000000000       0x11 /home/lm/ps4-payload-sdk/libPS4/libPS4.a(payload_utils.o)
 .text.is_jailbroken
                0x0000000000000000       0x3b /home/lm/ps4-payload-sdk/libPS4/libPS4.a(payload_utils.o)
 .rodata.is_fw_spoofed.str1.1
                0x0000000000000000        0xc /home/lm/ps4-payload-sdk/libPS4/libPS4.a(payload_utils.o)
 .text.is_fw_spoofed
                0x0000000000000000       0xaf /home/lm/ps4-payload-sdk/libPS4/libPS4.a(payload_utils.o)
 .text.get_kernel_base
                0x0000000000000000       0x88 /home/lm/ps4-payload-sdk/libPS4/libPS4.a(payload_utils.o)
 .text.get_memory_dump
                0x0000000000000000       0x47 /home/lm/ps4-payload-sdk/libPS4/libPS4.a(payload_utils.o)
 .text.jailbreak
                0x0000000000000000       0x39 /home/lm/ps4-payload-sdk/libPS4/libPS4.a(payload_utils.o)
 .text.mmap_patch
                0x0000000000000000       0x2a /home/lm/ps4-payload-sdk/libPS4/libPS4.a(payload_utils.o)
 .text.disable_aslr
                0x0000000000000000       0x2a /home/lm/ps4-payload-sdk/libPS4/libPS4.a(payload_utils.o)
 .text.kernel_clock
                0x0000000000000000       0x31 /home/lm/ps4-payload-sdk/libPS4/libPS4.a(payload_utils.o)
 .text.enable_browser
                0x0000000000000000       0x2a /home/lm/ps4-payload-sdk/libPS4/libPS4.a(payload_utils.o)
 .text.spoof_target_id
                0x0000000000000000       0x32 /home/lm/ps4-payload-sdk/libPS4/libPS4.a(payload_utils.o)
 .text.enable_perm_uart
                0x0000000000000000       0x2a /home/lm/ps4-payload-sdk/libPS4/libPS4.a(payload_utils.o)
 .text.exit_idu
                0x0000000000000000       0x2a /home/lm/ps4-payload-sdk/libPS4/libPS4.a(payload_utils.o)
 .text.npdrm_patch
                0x0000000000000000       0x2a /home/lm/ps4-payload-sdk/libPS4/libPS4.a(payload_utils.o)
 .comment       0x0000000000000000       0x2c /home/lm/ps4-payload-sdk/libPS4/libPS4.a(payload_utils.o)
 .note.GNU-stack
                0x0000000000000000        0x0 /home/lm/ps4-payload-sdk/libPS4/libPS4.a(payload_utils.o)
 .note.gnu.property
                0x0000000000000000       0x20 /home/lm/ps4-payload-sdk/libPS4/libPS4.a(payload_utils.o)
 .eh_frame      0x0000000000000000      0x408 /home/lm/ps4-payload-sdk/libPS4/libPS4.a(payload_utils.o)
 .data          0x0000000000000000        0x0 /home/lm/ps4-payload-sdk/libPS4/libPS4.a(file.o)
 .bss           0x0000000000000000        0x0 /home/lm/ps4-payload-sdk/libPS4/libPS4.a(file.o)
 .text.getSandboxDirectory
                0x0000000000000000       0x1b /home/lm/ps4-payload-sdk/libPS4/libPS4.a(file.o)
 .text.file_exists
                0x0000000000000000       0x23 /home/lm/ps4-payload-sdk/libPS4/libPS4.a(file.o)
 .text.dir_exists
                0x0000000000000000       0x28 /home/lm/ps4-payload-sdk/libPS4/libPS4.a(file.o)
 .text.symlink_exists
                0x0000000000000000       0x3a /home/lm/ps4-payload-sdk/libPS4/libPS4.a(file.o)
 .text.touch_file
                0x0000000000000000       0x23 /home/lm/ps4-payload-sdk/libPS4/libPS4.a(file.o)
 .text.copy_file
                0x0000000000000000       0x99 /home/lm/ps4-payload-sdk/libPS4/libPS4.a(file.o)
 .rodata.copy_dir.str1.1
                0x0000000000000000        0xb /home/lm/ps4-payload-sdk/libPS4/libPS4.a(file.o)
 .text.copy_dir
                0x0000000000000000      0x132 /home/lm/ps4-payload-sdk/libPS4/libPS4.a(file.o)
 .text.file_compare
                0x0000000000000000      0x175 /home/lm/ps4-payload-sdk/libPS4/libPS4.a(file.o)
 .text.rmtree   0x0000000000000000      0x143 /home/lm/ps4-payload-sdk/libPS4/libPS4.a(file.o)
 .text.fgetc_pointer
                0x0000000000000000       0x2c /home/lm/ps4-payload-sdk/libPS4/libPS4.a(file.o)
 .text.build_iovec
                0x0000000000000000       0xec /home/lm/ps4-payload-sdk/libPS4/libPS4.a(file.o)
 .rodata.mount_large_fs.str1.1
                0x0000000000000000       0x4b /home/lm/ps4-payload-sdk/libPS4/libPS4.a(file.o)
 .text.mount_large_fs
                0x0000000000000000      0x14f /home/lm/ps4-payload-sdk/libPS4/libPS4.a(file.o)
 .comment       0x0000000000000000       0x2c /home/lm/ps4-payload-sdk/libPS4/libPS4.a(file.o)
 .note.GNU-stack
                0x0000000000000000        0x0 /home/lm/ps4-payload-sdk/libPS4/libPS4.a(file.o)
 .note.gnu.property
                0x0000000000000000       0x20 /home/lm/ps4-payload-sdk/libPS4/libPS4.a(file.o)
 .eh_frame      0x0000000000000000      0x260 /home/lm/ps4-payload-sdk/libPS4/libPS4.a(file.o)
 .text          0x0000000000000000        0x0 /home/lm/ps4-payload-sdk/libPS4/libPS4.a(sysutil.o)
 .data          0x0000000000000000        0x0 /home/lm/ps4-payload-sdk/libPS4/libPS4.a(sysutil.o)
 .bss           0x0000000000000000        0x0 /home/lm/ps4-payload-sdk/libPS4/libPS4.a(sysutil.o)
 .rodata.initUserService.str1.1
                0x0000000000000000       0xb3 /home/lm/ps4-payload-sdk/libPS4/libPS4.a(sysutil.o)
 .text.initUserService
                0x0000000000000000       0x9f /home/lm/ps4-payload-sdk/libPS4/libPS4.a(sysutil.o)
 .text.openBrowser
                0x0000000000000000       0x12 /home/lm/ps4-payload-sdk/libPS4/libPS4.a(sysutil.o)
 .text.getUserIDList
                0x0000000000000000       0x47 /home/lm/ps4-payload-sdk/libPS4/libPS4.a(sysutil.o)
 .text.getUserID
                0x0000000000000000       0x18 /home/lm/ps4-payload-sdk/libPS4/libPS4.a(sysutil.o)
 .text.getUserName
                0x0000000000000000       0x8d /home/lm/ps4-payload-sdk/libPS4/libPS4.a(sysutil.o)
 .text.getInitialUser
                0x0000000000000000       0x45 /home/lm/ps4-payload-sdk/libPS4/libPS4.a(sysutil.o)
 .rodata.shutdown.str1.1
                0x0000000000000000       0x11 /home/lm/ps4-payload-sdk/libPS4/libPS4.a(sysutil.o)
 .text.shutdown
                0x0000000000000000       0x55 /home/lm/ps4-payload-sdk/libPS4/libPS4.a(sysutil.o)
 .rodata.reboot.str1.1
                0x0000000000000000       0x32 /home/lm/ps4-payload-sdk/libPS4/libPS4.a(sysutil.o)
 .text.reboot   0x0000000000000000       0x41 /home/lm/ps4-payload-sdk/libPS4/libPS4.a(sysutil.o)
 .comment       0x0000000000000000       0x2c /home/lm/ps4-payload-sdk/libPS4/libPS4.a(sysutil.o)
 .note.GNU-stack
                0x0000000000000000        0x0 /home/lm/ps4-payload-sdk/libPS4/libPS4.a(sysutil.o)
 .note.gnu.property
                0x0000000000000000       0x20 /home/lm/ps4-payload-sdk/libPS4/libPS4.a(sysutil.o)
 .eh_frame      0x0000000000000000      0x120 /home/lm/ps4-payload-sdk/libPS4/libPS4.a(sysutil.o)
 .text          0x0000000000000000        0x0 /home/lm/ps4-payload-sdk/libPS4/libPS4.a(dump.o)
 .data          0x0000000000000000        0x0 /home/lm/ps4-payload-sdk/libPS4/libPS4.a(dump.o)
 .bss           0x0000000000000000        0x0 /home/lm/ps4-payload-sdk/libPS4/libPS4.a(dump.o)
 .text.is_self  0x0000000000000000       0xb8 /home/lm/ps4-payload-sdk/libPS4/libPS4.a(dump.o)
 .text.read_decrypt_segment
                0x0000000000000000       0x99 /home/lm/ps4-payload-sdk/libPS4/libPS4.a(dump.o)
 .text.is_segment_in_other_segment
                0x0000000000000000       0x44 /home/lm/ps4-payload-sdk/libPS4/libPS4.a(dump.o)
 .text.parse_phdr
                0x0000000000000000       0xd2 /home/lm/ps4-payload-sdk/libPS4/libPS4.a(dump.o)
 .text.do_dump  0x0000000000000000      0x129 /home/lm/ps4-payload-sdk/libPS4/libPS4.a(dump.o)
 .text.decrypt_and_dump_self
                0x0000000000000000       0xd5 /home/lm/ps4-payload-sdk/libPS4/libPS4.a(dump.o)
 .rodata.decrypt_dir.str1.1
                0x0000000000000000        0xb /home/lm/ps4-payload-sdk/libPS4/libPS4.a(dump.o)
 .text.decrypt_dir
                0x0000000000000000      0x142 /home/lm/ps4-payload-sdk/libPS4/libPS4.a(dump.o)
 .rodata.wait_for_app.str1.1
                0x0000000000000000       0x2a /home/lm/ps4-payload-sdk/libPS4/libPS4.a(dump.o)
 .text.wait_for_app
                0x0000000000000000       0xdb /home/lm/ps4-payload-sdk/libPS4/libPS4.a(dump.o)
 .rodata.wait_for_bdcopy.str1.1
                0x0000000000000000       0x25 /home/lm/ps4-payload-sdk/libPS4/libPS4.a(dump.o)
 .text.wait_for_bdcopy
                0x0000000000000000      0x105 /home/lm/ps4-payload-sdk/libPS4/libPS4.a(dump.o)
 .comment       0x0000000000000000       0x2c /home/lm/ps4-payload-sdk/libPS4/libPS4.a(dump.o)
 .note.GNU-stack
                0x0000000000000000        0x0 /home/lm/ps4-payload-sdk/libPS4/libPS4.a(dump.o)
 .note.gnu.property
                0x0000000000000000       0x20 /home/lm/ps4-payload-sdk/libPS4/libPS4.a(dump.o)
 .eh_frame      0x0000000000000000      0x288 /home/lm/ps4-payload-sdk/libPS4/libPS4.a(dump.o)
 .data          0x0000000000000000        0x0 /home/lm/ps4-payload-sdk/libPS4/libPS4.a(memory.o)
 .bss           0x0000000000000000        0x0 /home/lm/ps4-payload-sdk/libPS4/libPS4.a(memory.o)
 .comment       0x0000000000000000       0x2c /home/lm/ps4-payload-sdk/libPS4/libPS4.a(memory.o)
 .note.GNU-stack
                0x0000000000000000        0x0 /home/lm/ps4-payload-sdk/libPS4/libPS4.a(memory.o)
 .note.gnu.property
                0x0000000000000000       0x20 /home/lm/ps4-payload-sdk/libPS4/libPS4.a(memory.o)
 .text          0x0000000000000000        0x0 /home/lm/ps4-payload-sdk/libPS4/libPS4.a(debug.o)
 .data          0x0000000000000000        0x0 /home/lm/ps4-payload-sdk/libPS4/libPS4.a(debug.o)
 .bss           0x0000000000000000        0x0 /home/lm/ps4-payload-sdk/libPS4/libPS4.a(debug.o)
 .comment       0x0000000000000000       0x2c /home/lm/ps4-payload-sdk/libPS4/libPS4.a(debug.o)
 .note.GNU-stack
                0x0000000000000000        0x0 /home/lm/ps4-payload-sdk/libPS4/libPS4.a(debug.o)
 .note.gnu.property
                0x0000000000000000       0x20 /home/lm/ps4-payload-sdk/libPS4/libPS4.a(debug.o)
 .text          0x0000000000000000        0x0 /home/lm/ps4-payload-sdk/libPS4/libPS4.a(libc.o)
 .data          0x0000000000000000        0x0 /home/lm/ps4-payload-sdk/libPS4/libPS4.a(libc.o)
 .bss           0x0000000000000000        0x0 /home/lm/ps4-payload-sdk/libPS4/libPS4.a(libc.o)
 .text.memset_s
                0x0000000000000000       0x51 /home/lm/ps4-payload-sdk/libPS4/libPS4.a(libc.o)
 .comment       0x0000000000000000       0x2c /home/lm/ps4-payload-sdk/libPS4/libPS4.a(libc.o)
 .note.GNU-stack
                0x0000000000000000        0x0 /home/lm/ps4-payload-sdk/libPS4/libPS4.a(libc.o)
 .note.gnu.property
                0x0000000000000000       0x20 /home/lm/ps4-payload-sdk/libPS4/libPS4.a(libc.o)
 .eh_frame      0x0000000000000000       0x68 /home/lm/ps4-payload-sdk/libPS4/libPS4.a(libc.o)
 .data          0x0000000000000000        0x0 /home/lm/ps4-payload-sdk/libPS4/libPS4.a(module.o)
 .bss           0x0000000000000000        0x0 /home/lm/ps4-payload-sdk/libPS4/libPS4.a(module.o)
 .text.getModuleInfo
                0x0000000000000000       0x1f /home/lm/ps4-payload-sdk/libPS4/libPS4.a(module.o)
 .text.unloadModule
                0x0000000000000000       0x19 /home/lm/ps4-payload-sdk/libPS4/libPS4.a(module.o)
 .rodata.initModule.str1.1
                0x0000000000000000       0x2c /home/lm/ps4-payload-sdk/libPS4/libPS4.a(module.o)
 .text.initModule
                0x0000000000000000       0x47 /home/lm/ps4-payload-sdk/libPS4/libPS4.a(module.o)
 .comment       0x0000000000000000       0x2c /home/lm/ps4-payload-sdk/libPS4/libPS4.a(module.o)
 .note.GNU-stack
                0x0000000000000000        0x0 /home/lm/ps4-payload-sdk/libPS4/libPS4.a(module.o)
 .note.gnu.property
                0x0000000000000000       0x20 /home/lm/ps4-payload-sdk/libPS4/libPS4.a(module.o)
 .eh_frame      0x0000000000000000       0x80 /home/lm/ps4-payload-sdk/libPS4/libPS4.a(module.o)
 COMMON         0x0000000000000000        0xc /home/lm/ps4-payload-sdk/libPS4/libPS4.a(module.o)
 .text          0x0000000000000000        0x0 /home/lm/ps4-payload-sdk/libPS4/libPS4.a(network.o)
 .data          0x0000000000000000        0x0 /home/lm/ps4-payload-sdk/libPS4/libPS4.a(network.o)
 .bss           0x0000000000000000        0x0 /home/lm/ps4-payload-sdk/libPS4/libPS4.a(network.o)
 .rodata.initNetwork.str1.1
                0x0000000000000000      0x173 /home/lm/ps4-payload-sdk/libPS4/libPS4.a(network.o)
 .text.initNetwork
                0x0000000000000000      0x258 /home/lm/ps4-payload-sdk/libPS4/libPS4.a(network.o)
 .text.SckConnect
                0x0000000000000000       0xa9 /home/lm/ps4-payload-sdk/libPS4/libPS4.a(network.o)
 .text.SckClose
                0x0000000000000000        0xd /home/lm/ps4-payload-sdk/libPS4/libPS4.a(network.o)
 .text.SckRecv  0x0000000000000000       0xce /home/lm/ps4-payload-sdk/libPS4/libPS4.a(network.o)
 .text.SckRecvf
                0x0000000000000000       0x7b /home/lm/ps4-payload-sdk/libPS4/libPS4.a(network.o)
 .comment       0x0000000000000000       0x2c /home/lm/ps4-payload-sdk/libPS4/libPS4.a(network.o)
 .note.GNU-stack
                0x0000000000000000        0x0 /home/lm/ps4-payload-sdk/libPS4/libPS4.a(network.o)
 .note.gnu.property
                0x0000000000000000       0x20 /home/lm/ps4-payload-sdk/libPS4/libPS4.a(network.o)
 .eh_frame      0x0000000000000000      0x118 /home/lm/ps4-payload-sdk/libPS4/libPS4.a(network.o)
 .text          0x0000000000000000       0x24 /home/lm/ps4-payload-sdk/libPS4/libPS4.a(kernel.o)
 .data          0x0000000000000000        0x0 /home/lm/ps4-payload-sdk/libPS4/libPS4.a(kernel.o)
 .bss           0x0000000000000000        0x0 /home/lm/ps4-payload-sdk/libPS4/libPS4.a(kernel.o)
 .comment       0x0000000000000000       0x2c /home/lm/ps4-payload-sdk/libPS4/libPS4.a(kernel.o)
 .note.GNU-stack
                0x0000000000000000        0x0 /home/lm/ps4-payload-sdk/libPS4/libPS4.a(kernel.o)
 .note.gnu.property
                0x0000000000000000       0x20 /home/lm/ps4-payload-sdk/libPS4/libPS4.a(kernel.o)
 .eh_frame      0x0000000000000000       0x50 /home/lm/ps4-payload-sdk/libPS4/libPS4.a(kernel.o)
 .data          0x0000000000000000        0x0 /home/lm/ps4-payload-sdk/libPS4/libPS4.a(syscall.o)
 .bss           0x0000000000000000        0x0 /home/lm/ps4-payload-sdk/libPS4/libPS4.a(syscall.o)

Memory Configuration

Name             Origin             Length             Attributes
*default*        0x0000000000000000 0xffffffffffffffff

Linker script and memory map

LOAD /tmp/cc7gqL8s.o
LOAD build/main.o

.text           0x0000000000000000     0x20f3
 *(.text.start)
 *(.text*)
 .text          0x0000000000000000        0x5 /tmp/cc7gqL8s.o
                0x0000000000000000                _start
 .text.kpayload
                0x0000000000000005       0x72 build/main.o
                0x0000000000000005                kpayload
 .text.my_free  0x0000000000000077       0x21 build/main.o
                0x0000000000000077                my_free
 .text.my_malloc
                0x0000000000000098       0x86 build/main.o
                0x0000000000000098                my_malloc
 .text.read_decrypt_segment_alt
                0x000000000000011e       0x99 build/main.o
                0x000000000000011e                read_decrypt_segment_alt
 .text.is_segment_in_other_segment_alt
                0x00000000000001b7       0x44 build/main.o
                0x00000000000001b7                is_segment_in_other_segment_alt
 .text.parse_phdr_alt
                0x00000000000001fb       0xc5 build/main.o
                0x00000000000001fb                parse_phdr_alt
 .text.do_dump_alt
                0x00000000000002c0      0x257 build/main.o
                0x00000000000002c0                do_dump_alt
 .text.decrypt_and_dump_self_alt
                0x0000000000000517      0x371 build/main.o
                0x0000000000000517                decrypt_and_dump_self_alt
 .text.decrypt_self_to_elf
                0x0000000000000888       0xb6 build/main.o
                0x0000000000000888                decrypt_self_to_elf
 .text.traverse_dir
                0x000000000000093e      0x25c build/main.o
                0x000000000000093e                traverse_dir
 .text._main    0x0000000000000b9a      0x680 build/main.o
                0x0000000000000b9a                _main
 .text.get_firmware
                0x000000000000121a      0x190 /home/lm/ps4-payload-sdk/libPS4/libPS4.a(payload_utils.o)
                0x000000000000121a                get_firmware
 .text.get_firmware_string
                0x00000000000013aa       0xbb /home/lm/ps4-payload-sdk/libPS4/libPS4.a(payload_utils.o)
                0x00000000000013aa                get_firmware_string
 .text          0x0000000000001465      0x108 /home/lm/ps4-payload-sdk/libPS4/libPS4.a(file.o)
                0x0000000000001465                read
                0x0000000000001471                write
                0x000000000000147d                open
                0x0000000000001489                close
                0x0000000000001495                unlink
                0x00000000000014a1                link
                0x00000000000014ad                readlink
                0x00000000000014b9                symlink
                0x00000000000014c5                mount
                0x00000000000014d1                nmount
                0x00000000000014dd                unmount
                0x00000000000014e9                fchown
                0x00000000000014f5                fchmod
                0x0000000000001501                rename
                0x000000000000150d                mkdir
                0x0000000000001519                rmdir
                0x0000000000001525                stat
                0x0000000000001531                fstat
                0x000000000000153d                lstat
                0x0000000000001549                getdents
                0x0000000000001555                lseek
                0x0000000000001561                fstatat
 .text.initSysUtil
                0x000000000000156d       0x86 /home/lm/ps4-payload-sdk/libPS4/libPS4.a(sysutil.o)
                0x000000000000156d                initSysUtil
 .text.wait_for_usb
                0x00000000000015f3       0xc1 /home/lm/ps4-payload-sdk/libPS4/libPS4.a(dump.o)
                0x00000000000015f3                wait_for_usb
 .text          0x00000000000016b4       0x60 /home/lm/ps4-payload-sdk/libPS4/libPS4.a(memory.o)
                0x00000000000016b4                mmap
                0x00000000000016c0                munmap
                0x00000000000016cc                mprotect
                0x00000000000016d8                msync
                0x00000000000016e4                mlock
                0x00000000000016f0                munlock
                0x00000000000016fc                getMemoryInfo
                0x0000000000001708                getOtherMemoryInfo
 .text.initLibc
                0x0000000000001714      0x5d2 /home/lm/ps4-payload-sdk/libPS4/libPS4.a(libc.o)
                0x0000000000001714                initLibc
 .text          0x0000000000001ce6       0x18 /home/lm/ps4-payload-sdk/libPS4/libPS4.a(module.o)
                0x0000000000001ce6                getFunctionAddressByName
                0x0000000000001cf2                getLoadedModules
 .text.loadModule
                0x0000000000001cfe       0x1e /home/lm/ps4-payload-sdk/libPS4/libPS4.a(module.o)
                0x0000000000001cfe                loadModule
 .text.SckSend  0x0000000000001d1c       0x15 /home/lm/ps4-payload-sdk/libPS4/libPS4.a(network.o)
                0x0000000000001d1c                SckSend
 .text.initKernel
                0x0000000000001d31      0x394 /home/lm/ps4-payload-sdk/libPS4/libPS4.a(kernel.o)
                0x0000000000001d31                initKernel
 .text          0x00000000000020c5       0x2e /home/lm/ps4-payload-sdk/libPS4/libPS4.a(syscall.o)
                0x00000000000020c5                syscall
                0x00000000000020c8                syscall_macro

.plt            0x0000000000002100        0x0
 .plt           0x0000000000002100        0x0 /tmp/cc7gqL8s.o

.plt.got        0x00000000000020f8        0x0
 .plt.got       0x00000000000020f8        0x0 /tmp/cc7gqL8s.o

.rodata         0x00000000000020f3      0x89b
 *(.rodata)
 .rodata        0x00000000000020f3        0x7 build/main.o
 *(.rodata*)
 .rodata.my_malloc.str1.1
                0x00000000000020fa       0x1b build/main.o
 .rodata.do_dump_alt.str1.1
                0x0000000000002115       0x59 build/main.o
 .rodata.decrypt_and_dump_self_alt.str1.1
                0x000000000000216e       0x3f build/main.o
 .rodata.decrypt_self_to_elf.str1.1
                0x00000000000021ad        0xb build/main.o
                                         0x17 (size before relaxing)
 .rodata.traverse_dir.str1.1
                0x00000000000021b8       0x68 build/main.o
                                         0x6a (size before relaxing)
 .rodata._main.str1.1
                0x0000000000002220      0x19e build/main.o
 .rodata.get_firmware.str1.1
                0x00000000000023be       0x41 /home/lm/ps4-payload-sdk/libPS4/libPS4.a(payload_utils.o)
 .rodata.get_firmware_string.str1.1
                0x00000000000023ff       0x17 /home/lm/ps4-payload-sdk/libPS4/libPS4.a(payload_utils.o)
                                         0x22 (size before relaxing)
 .rodata.initSysUtil.str1.1
                0x0000000000002416       0x9c /home/lm/ps4-payload-sdk/libPS4/libPS4.a(sysutil.o)
 .rodata.wait_for_usb.str1.1
                0x00000000000024b2       0x23 /home/lm/ps4-payload-sdk/libPS4/libPS4.a(dump.o)
 .rodata.initLibc.str1.1
                0x00000000000024d5      0x1f8 /home/lm/ps4-payload-sdk/libPS4/libPS4.a(libc.o)
                                        0x216 (size before relaxing)
 .rodata.initKernel.str1.1
                0x00000000000026cd      0x2c1 /home/lm/ps4-payload-sdk/libPS4/libPS4.a(kernel.o)
                                        0x2d4 (size before relaxing)

.gnu.version_d  0x0000000000002990        0x0
 .gnu.version_d
                0x0000000000002990        0x0 /tmp/cc7gqL8s.o

.gnu.version    0x000000000000298e        0x0
 .gnu.version   0x000000000000298e        0x0 /tmp/cc7gqL8s.o

.gnu.version_r  0x0000000000002990        0x0
 .gnu.version_r
                0x0000000000002990        0x0 /tmp/cc7gqL8s.o

.dynsym         0x0000000000002990       0x18
 .dynsym        0x0000000000002990       0x18 /tmp/cc7gqL8s.o

.dynstr         0x00000000000029a8        0x1
 .dynstr        0x00000000000029a8        0x1 /tmp/cc7gqL8s.o

.gnu.hash       0x00000000000029b0       0x1c
 .gnu.hash      0x00000000000029b0       0x1c /tmp/cc7gqL8s.o

.eh_frame_hdr   0x00000000000029cc        0x0
 .eh_frame_hdr  0x00000000000029cc        0x0 build/main.o

.rela.dyn       0x00000000000029d0        0x0
 .rela.plt      0x00000000000029d0        0x0 /tmp/cc7gqL8s.o
 .rela.got      0x00000000000029d0        0x0 /tmp/cc7gqL8s.o
 .rela.bss      0x00000000000029d0        0x0 /tmp/cc7gqL8s.o
 .rela.data.rel.ro
                0x00000000000029d0        0x0 /tmp/cc7gqL8s.o
 .rela.ifunc    0x00000000000029d0        0x0 /tmp/cc7gqL8s.o
 .rela.text.my_malloc
                0x00000000000029d0        0x0 /tmp/cc7gqL8s.o
 .rela.text.read_decrypt_segment_alt
                0x00000000000029d0        0x0 /tmp/cc7gqL8s.o
 .rela.text.do_dump_alt
                0x00000000000029d0        0x0 /tmp/cc7gqL8s.o
 .rela.text.decrypt_and_dump_self_alt
                0x00000000000029d0        0x0 /tmp/cc7gqL8s.o
 .rela.text.decrypt_self_to_elf
                0x00000000000029d0        0x0 /tmp/cc7gqL8s.o
 .rela.text.traverse_dir
                0x00000000000029d0        0x0 /tmp/cc7gqL8s.o
 .rela.text._main
                0x00000000000029d0        0x0 /tmp/cc7gqL8s.o
 .rela.text.get_firmware
                0x00000000000029d0        0x0 /tmp/cc7gqL8s.o
 .rela.text.get_firmware_string
                0x00000000000029d0        0x0 /tmp/cc7gqL8s.o
 .rela.text.initSysUtil
                0x00000000000029d0        0x0 /tmp/cc7gqL8s.o
 .rela.text.wait_for_usb
                0x00000000000029d0        0x0 /tmp/cc7gqL8s.o
 .rela.text.initLibc
                0x00000000000029d0        0x0 /tmp/cc7gqL8s.o
 .rela.text.SckSend
                0x00000000000029d0        0x0 /tmp/cc7gqL8s.o
 .rela.text.initKernel
                0x00000000000029d0        0x0 /tmp/cc7gqL8s.o
 .rela.text     0x00000000000029d0        0x0 /tmp/cc7gqL8s.o

.data
 *(.data)

.dynamic        0x00000000000029d0       0xe0
 .dynamic       0x00000000000029d0       0xe0 /tmp/cc7gqL8s.o
                0x00000000000029d0                _DYNAMIC

.got            0x0000000000002ab0        0x0
 .got           0x0000000000002ab0        0x0 /tmp/cc7gqL8s.o

.got.plt        0x0000000000002ab0        0x0
 .got.plt       0x0000000000002ab0        0x0 /tmp/cc7gqL8s.o

.data.rel.ro    0x0000000000002ab0        0x0
 .data.rel.ro   0x0000000000002ab0        0x0 /tmp/cc7gqL8s.o

.data.page_size
                0x0000000000002ab0        0x8
 .data.page_size
                0x0000000000002ab0        0x8 build/main.o
                0x0000000000002ab0                page_size

.data.DEBUG_SOCK
                0x0000000000002ab8        0x4
 .data.DEBUG_SOCK
                0x0000000000002ab8        0x4 /home/lm/ps4-payload-sdk/libPS4/libPS4.a(debug.o)
                0x0000000000002ab8                DEBUG_SOCK

.bss            0x0000000000002ac0      0x558
 *(.bss)
 COMMON         0x0000000000002ac0       0xc8 build/main.o
                0x0000000000002ac0                buf
 COMMON         0x0000000000002b88        0x2 /home/lm/ps4-payload-sdk/libPS4/libPS4.a(payload_utils.o)
                0x0000000000002b88                g_firmware
 *fill*         0x0000000000002b8a        0x6 
 COMMON         0x0000000000002b90       0x54 /home/lm/ps4-payload-sdk/libPS4/libPS4.a(sysutil.o)
                0x0000000000002b90                sceUserServiceInitialize
                0x0000000000002b98                sceSysUtilSendSystemNotificationWithText
                0x0000000000002ba0                sceUserServiceGetInitialUser
                0x0000000000002ba8                libSceUserService
                0x0000000000002bb0                sceSystemServiceLaunchWebBrowser
                0x0000000000002bb8                sceUserServiceGetUserName
                0x0000000000002bc0                libSceSystemService
                0x0000000000002bc8                sceUserServiceGetLoginUserIdList
                0x0000000000002bd0                sceUserServiceTerminate
                0x0000000000002bd8                sceKernelReboot
                0x0000000000002be0                sysUtilHandle
 *fill*         0x0000000000002be4        0x4 
 COMMON         0x0000000000002be8      0x220 /home/lm/ps4-payload-sdk/libPS4/libPS4.a(libc.o)
                0x0000000000002be8                strcpy
                0x0000000000002bf0                asctime
                0x0000000000002bf8                libc
                0x0000000000002c00                strerror
                0x0000000000002c08                memmove
                0x0000000000002c10                snprintf
                0x0000000000002c18                strncpy_s
                0x0000000000002c20                ceil
                0x0000000000002c28                memcpy
                0x0000000000002c30                seekdir
                0x0000000000002c38                rewinddir
                0x0000000000002c40                malloc
                0x0000000000002c48                readdir_r
                0x0000000000002c50                getprogname
                0x0000000000002c58                readdir
                0x0000000000002c60                strtol
                0x0000000000002c68                snprintf_s
                0x0000000000002c70                strrchr
                0x0000000000002c78                calloc
                0x0000000000002c80                rindex
                0x0000000000002c88                atof
                0x0000000000002c90                _Getpctype
                0x0000000000002c98                fprintf
                0x0000000000002ca0                ctime
                0x0000000000002ca8                strcat
                0x0000000000002cb0                fseek
                0x0000000000002cb8                mktime
                0x0000000000002cc0                strstr
                0x0000000000002cc8                rand
                0x0000000000002cd0                dirfd
                0x0000000000002cd8                strlcpy
                0x0000000000002ce0                strncmp
                0x0000000000002ce8                strncpy
                0x0000000000002cf0                realloc
                0x0000000000002cf8                bcopy
                0x0000000000002d00                strtok
                0x0000000000002d08                memcmp
                0x0000000000002d10                sscanf
                0x0000000000002d18                strncat
                0x0000000000002d20                memmove_s
                0x0000000000002d28                fread
                0x0000000000002d30                _Stoul
                0x0000000000002d38                strdup
                0x0000000000002d40                index
                0x0000000000002d48                fopen
                0x0000000000002d50                asctime_r
                0x0000000000002d58                localtime
                0x0000000000002d60                memset
                0x0000000000002d68                ftell
                0x0000000000002d70                srand
                0x0000000000002d78                fclose
                0x0000000000002d80                time
                0x0000000000002d88                opendir
                0x0000000000002d90                strcmp
                0x0000000000002d98                gmtime_s
                0x0000000000002da0                memalign
                0x0000000000002da8                sprintf
                0x0000000000002db0                ctime_r
                0x0000000000002db8                localtime_r
                0x0000000000002dc0                isdigit
                0x0000000000002dc8                fwrite
                0x0000000000002dd0                atoi
                0x0000000000002dd8                gmtime
                0x0000000000002de0                strlen
                0x0000000000002de8                strchr
                0x0000000000002df0                closedir
                0x0000000000002df8                telldir
                0x0000000000002e00                free
 COMMON         0x0000000000002e08       0xd0 /home/lm/ps4-payload-sdk/libPS4/libPS4.a(network.o)
                0x0000000000002e08                sceNetCtlInit
                0x0000000000002e10                sceNetHtonll
                0x0000000000002e18                sceNetNtohll
                0x0000000000002e20                sceNetCtlGetInfo
                0x0000000000002e28                sceNetInetNtop
                0x0000000000002e30                sceNetSocket
                0x0000000000002e38                sceNetInetPton
                0x0000000000002e40                sceNetGetsockname
                0x0000000000002e48                sceNetHtons
                0x0000000000002e50                sceNetSend
                0x0000000000002e58                sceNetHtonl
                0x0000000000002e60                sceNetErrnoLoc
                0x0000000000002e68                sceNetSetsockopt
                0x0000000000002e70                sceNetSocketClose
                0x0000000000002e78                sceNetRecv
                0x0000000000002e80                sceNetBind
                0x0000000000002e88                libNetCtl
                0x0000000000002e90                sceNetConnect
                0x0000000000002e98                sceNetNtohs
                0x0000000000002ea0                sceNetCtlTerm
                0x0000000000002ea8                sceNetListen
                0x0000000000002eb0                sceNetNtohl
                0x0000000000002eb8                sceNetGetsockopt
                0x0000000000002ec0                sceNetAccept
                0x0000000000002ec8                libNet
                0x0000000000002ed0                sceNetSocketAbort
 COMMON         0x0000000000002ed8      0x140 /home/lm/ps4-payload-sdk/libPS4/libPS4.a(kernel.o)
                0x0000000000002ed8                sceKernelGettimeofday
                0x0000000000002ee0                getgid
                0x0000000000002ee8                libKernelHandle
                0x0000000000002ef0                __stack_chk_guard
                0x0000000000002ef8                sceKernelGetDirectMemorySize
                0x0000000000002f00                execve
                0x0000000000002f08                getpid
                0x0000000000002f10                sceKernelSleep
                0x0000000000002f18                sceKernelGetCurrentCpu
                0x0000000000002f20                sceKernelDeleteEqueue
                0x0000000000002f28                sceKernelGetCpuTemperature
                0x0000000000002f30                getuid
                0x0000000000002f38                __stack_chk_fail
                0x0000000000002f40                sceKernelMapDirectMemory
                0x0000000000002f48                sysarch
                0x0000000000002f50                sceKernelError
                0x0000000000002f58                sysctl
                0x0000000000002f60                sceKernelRead
                0x0000000000002f68                setregid
                0x0000000000002f70                __error
                0x0000000000002f78                sceKernelSendNotificationRequest
                0x0000000000002f80                setgid
                0x0000000000002f88                sceKernelLseek
                0x0000000000002f90                sceKernelStat
                0x0000000000002f98                sceKernelLoadStartModule
                0x0000000000002fa0                sceKernelGetSystemSwVersion
                0x0000000000002fa8                sceKernelClose
                0x0000000000002fb0                pthread_setaffinity_np
                0x0000000000002fb8                sceKernelGetProcessTime
                0x0000000000002fc0                setreuid
                0x0000000000002fc8                sceKernelAllocateDirectMemory
                0x0000000000002fd0                sceKernelUsleep
                0x0000000000002fd8                sceKernelAddUserEvent
                0x0000000000002fe0                pthread_self
                0x0000000000002fe8                sceKernelCreateEqueue
                0x0000000000002ff0                sceKernelOpen
                0x0000000000002ff8                setuid
                0x0000000000003000                sceKernelGetFsSandboxRandomWord
                0x0000000000003008                sceKernelAddReadEvent
                0x0000000000003010                sysctlbyname

.dynbss         0x0000000000003018        0x0
 .dynbss        0x0000000000003018        0x0 /tmp/cc7gqL8s.o

.bss.kernel_base
                0x0000000000003018        0x8
 .bss.kernel_base
                0x0000000000003018        0x8 build/main.o
                0x0000000000003018                kernel_base

.bss.sceKernelDebugOutText
                0x0000000000003020        0x8
 .bss.sceKernelDebugOutText
                0x0000000000003020        0x8 build/main.o

/DISCARD/
 *(.comment)
 *(.note.GNU-stack)
 *(.eh_frame)
 *(.interp)
LOAD /home/lm/ps4-payload-sdk/libPS4/libPS4.a
OUTPUT(temp.t elf64-x86-64)
