Archive member included to satisfy reference by file (symbol)

/home/lm/ps4-payload-sdk/libPS4/libPS4.a(file.o)
                              build/decryptio.o (read)
/home/lm/ps4-payload-sdk/libPS4/libPS4.a(sysutil.o)
                              build/main.o (initSysUtil)
/home/lm/ps4-payload-sdk/libPS4/libPS4.a(debug.o)
                              build/decrypt.o (DEBUG_SOCK)
/home/lm/ps4-payload-sdk/libPS4/libPS4.a(libc.o)
                              build/main.o (initLibc)
/home/lm/ps4-payload-sdk/libPS4/libPS4.a(module.o)
                              build/main.o (getFunctionAddressByName)
/home/lm/ps4-payload-sdk/libPS4/libPS4.a(network.o)
                              build/decrypt.o (SckSend)
/home/lm/ps4-payload-sdk/libPS4/libPS4.a(kernel.o)
                              build/encryptsrv.o (ioctl)
/home/lm/ps4-payload-sdk/libPS4/libPS4.a(syscall.o)
                              build/decrypt.o (syscall)

Merging program properties

Removed property 0xc0000002 to merge build/checkheaders.o (0x3) and /tmp/ccioNYKY.o (not found)
Removed property 0xc0000002 to merge build/checkheaders.o (not found) and build/decrypt.o (0x3)
Removed property 0xc0000002 to merge build/checkheaders.o (not found) and build/decryptio.o (0x3)
Removed property 0xc0000002 to merge build/checkheaders.o (not found) and build/encryptsrv.o (0x3)
Removed property 0xc0000002 to merge build/checkheaders.o (not found) and build/main.o (0x3)
Removed property 0xc0000002 to merge build/checkheaders.o (not found) and build/time_utils.o (0x3)
Removed property 0xc0000002 to merge build/checkheaders.o (not found) and /home/lm/ps4-payload-sdk/libPS4/libPS4.a(file.o) (0x3)
Removed property 0xc0000002 to merge build/checkheaders.o (not found) and /home/lm/ps4-payload-sdk/libPS4/libPS4.a(sysutil.o) (0x3)
Removed property 0xc0000002 to merge build/checkheaders.o (not found) and /home/lm/ps4-payload-sdk/libPS4/libPS4.a(debug.o) (0x3)
Removed property 0xc0000002 to merge build/checkheaders.o (not found) and /home/lm/ps4-payload-sdk/libPS4/libPS4.a(libc.o) (0x3)
Removed property 0xc0000002 to merge build/checkheaders.o (not found) and /home/lm/ps4-payload-sdk/libPS4/libPS4.a(module.o) (0x3)
Removed property 0xc0000002 to merge build/checkheaders.o (not found) and /home/lm/ps4-payload-sdk/libPS4/libPS4.a(network.o) (0x3)
Removed property 0xc0000002 to merge build/checkheaders.o (not found) and /home/lm/ps4-payload-sdk/libPS4/libPS4.a(kernel.o) (0x3)

Allocating common symbols
Common symbol       size              file

strcpy              0x8               /home/lm/ps4-payload-sdk/libPS4/libPS4.a(libc.o)
asctime             0x8               /home/lm/ps4-payload-sdk/libPS4/libPS4.a(libc.o)
libc                0x4               /home/lm/ps4-payload-sdk/libPS4/libPS4.a(libc.o)
sceKernelGettimeofday
                    0x8               /home/lm/ps4-payload-sdk/libPS4/libPS4.a(kernel.o)
sceSysmoduleLoadModule
                    0x8               /home/lm/ps4-payload-sdk/libPS4/libPS4.a(module.o)
getgid              0x8               /home/lm/ps4-payload-sdk/libPS4/libPS4.a(kernel.o)
sceUserServiceInitialize
                    0x8               /home/lm/ps4-payload-sdk/libPS4/libPS4.a(sysutil.o)
strerror            0x8               /home/lm/ps4-payload-sdk/libPS4/libPS4.a(libc.o)
memmove             0x8               /home/lm/ps4-payload-sdk/libPS4/libPS4.a(libc.o)
snprintf            0x8               /home/lm/ps4-payload-sdk/libPS4/libPS4.a(libc.o)
strncpy_s           0x8               /home/lm/ps4-payload-sdk/libPS4/libPS4.a(libc.o)
libKernelHandle     0x4               /home/lm/ps4-payload-sdk/libPS4/libPS4.a(kernel.o)
__stack_chk_guard   0x8               /home/lm/ps4-payload-sdk/libPS4/libPS4.a(kernel.o)
sceKernelGetDirectMemorySize
                    0x8               /home/lm/ps4-payload-sdk/libPS4/libPS4.a(kernel.o)
ceil                0x8               /home/lm/ps4-payload-sdk/libPS4/libPS4.a(libc.o)
sceNetCtlInit       0x8               /home/lm/ps4-payload-sdk/libPS4/libPS4.a(network.o)
sceNetHtonll        0x8               /home/lm/ps4-payload-sdk/libPS4/libPS4.a(network.o)
execve              0x8               /home/lm/ps4-payload-sdk/libPS4/libPS4.a(kernel.o)
getpid              0x8               /home/lm/ps4-payload-sdk/libPS4/libPS4.a(kernel.o)
sceNetNtohll        0x8               /home/lm/ps4-payload-sdk/libPS4/libPS4.a(network.o)
sceKernelSleep      0x8               /home/lm/ps4-payload-sdk/libPS4/libPS4.a(kernel.o)
memcpy              0x8               /home/lm/ps4-payload-sdk/libPS4/libPS4.a(libc.o)
sceKernelGetCurrentCpu
                    0x8               /home/lm/ps4-payload-sdk/libPS4/libPS4.a(kernel.o)
sceNetCtlGetInfo    0x8               /home/lm/ps4-payload-sdk/libPS4/libPS4.a(network.o)
seekdir             0x8               /home/lm/ps4-payload-sdk/libPS4/libPS4.a(libc.o)
sceKernelDeleteEqueue
                    0x8               /home/lm/ps4-payload-sdk/libPS4/libPS4.a(kernel.o)
sceKernelGetCpuTemperature
                    0x8               /home/lm/ps4-payload-sdk/libPS4/libPS4.a(kernel.o)
getuid              0x8               /home/lm/ps4-payload-sdk/libPS4/libPS4.a(kernel.o)
rewinddir           0x8               /home/lm/ps4-payload-sdk/libPS4/libPS4.a(libc.o)
malloc              0x8               /home/lm/ps4-payload-sdk/libPS4/libPS4.a(libc.o)
sceNetInetNtop      0x8               /home/lm/ps4-payload-sdk/libPS4/libPS4.a(network.o)
libModule           0x4               /home/lm/ps4-payload-sdk/libPS4/libPS4.a(module.o)
readdir_r           0x8               /home/lm/ps4-payload-sdk/libPS4/libPS4.a(libc.o)
sceNetSocket        0x8               /home/lm/ps4-payload-sdk/libPS4/libPS4.a(network.o)
getprogname         0x8               /home/lm/ps4-payload-sdk/libPS4/libPS4.a(libc.o)
prevtime            0x8               build/main.o
readdir             0x8               /home/lm/ps4-payload-sdk/libPS4/libPS4.a(libc.o)
sceSysUtilSendSystemNotificationWithText
                    0x8               /home/lm/ps4-payload-sdk/libPS4/libPS4.a(sysutil.o)
sceUserServiceGetInitialUser
                    0x8               /home/lm/ps4-payload-sdk/libPS4/libPS4.a(sysutil.o)
sceNetInetPton      0x8               /home/lm/ps4-payload-sdk/libPS4/libPS4.a(network.o)
__stack_chk_fail    0x8               /home/lm/ps4-payload-sdk/libPS4/libPS4.a(kernel.o)
sceKernelMapDirectMemory
                    0x8               /home/lm/ps4-payload-sdk/libPS4/libPS4.a(kernel.o)
strtol              0x8               /home/lm/ps4-payload-sdk/libPS4/libPS4.a(libc.o)
snprintf_s          0x8               /home/lm/ps4-payload-sdk/libPS4/libPS4.a(libc.o)
sysarch             0x8               /home/lm/ps4-payload-sdk/libPS4/libPS4.a(kernel.o)
strrchr             0x8               /home/lm/ps4-payload-sdk/libPS4/libPS4.a(libc.o)
calloc              0x8               /home/lm/ps4-payload-sdk/libPS4/libPS4.a(libc.o)
rindex              0x8               /home/lm/ps4-payload-sdk/libPS4/libPS4.a(libc.o)
sceNetGetsockname   0x8               /home/lm/ps4-payload-sdk/libPS4/libPS4.a(network.o)
sceKernelError      0x8               /home/lm/ps4-payload-sdk/libPS4/libPS4.a(kernel.o)
atof                0x8               /home/lm/ps4-payload-sdk/libPS4/libPS4.a(libc.o)
sceNetHtons         0x8               /home/lm/ps4-payload-sdk/libPS4/libPS4.a(network.o)
_Getpctype          0x8               /home/lm/ps4-payload-sdk/libPS4/libPS4.a(libc.o)
sysctl              0x8               /home/lm/ps4-payload-sdk/libPS4/libPS4.a(kernel.o)
fprintf             0x8               /home/lm/ps4-payload-sdk/libPS4/libPS4.a(libc.o)
ctime               0x8               /home/lm/ps4-payload-sdk/libPS4/libPS4.a(libc.o)
sceKernelRead       0x8               /home/lm/ps4-payload-sdk/libPS4/libPS4.a(kernel.o)
strcat              0x8               /home/lm/ps4-payload-sdk/libPS4/libPS4.a(libc.o)
sceNetSend          0x8               /home/lm/ps4-payload-sdk/libPS4/libPS4.a(network.o)
setregid            0x8               /home/lm/ps4-payload-sdk/libPS4/libPS4.a(kernel.o)
fseek               0x8               /home/lm/ps4-payload-sdk/libPS4/libPS4.a(libc.o)
libSceUserService   0x4               /home/lm/ps4-payload-sdk/libPS4/libPS4.a(sysutil.o)
mktime              0x8               /home/lm/ps4-payload-sdk/libPS4/libPS4.a(libc.o)
strstr              0x8               /home/lm/ps4-payload-sdk/libPS4/libPS4.a(libc.o)
__error             0x8               /home/lm/ps4-payload-sdk/libPS4/libPS4.a(kernel.o)
rand                0x8               /home/lm/ps4-payload-sdk/libPS4/libPS4.a(libc.o)
sceKernelSendNotificationRequest
                    0x8               /home/lm/ps4-payload-sdk/libPS4/libPS4.a(kernel.o)
sceNetHtonl         0x8               /home/lm/ps4-payload-sdk/libPS4/libPS4.a(network.o)
setgid              0x8               /home/lm/ps4-payload-sdk/libPS4/libPS4.a(kernel.o)
dirfd               0x8               /home/lm/ps4-payload-sdk/libPS4/libPS4.a(libc.o)
sceNetErrnoLoc      0x8               /home/lm/ps4-payload-sdk/libPS4/libPS4.a(network.o)
sceKernelLseek      0x8               /home/lm/ps4-payload-sdk/libPS4/libPS4.a(kernel.o)
sceKernelStat       0x8               /home/lm/ps4-payload-sdk/libPS4/libPS4.a(kernel.o)
strlcpy             0x8               /home/lm/ps4-payload-sdk/libPS4/libPS4.a(libc.o)
strncmp             0x8               /home/lm/ps4-payload-sdk/libPS4/libPS4.a(libc.o)
sceKernelLoadStartModule
                    0x8               /home/lm/ps4-payload-sdk/libPS4/libPS4.a(kernel.o)
sceSystemServiceLaunchWebBrowser
                    0x8               /home/lm/ps4-payload-sdk/libPS4/libPS4.a(sysutil.o)
strncpy             0x8               /home/lm/ps4-payload-sdk/libPS4/libPS4.a(libc.o)
realloc             0x8               /home/lm/ps4-payload-sdk/libPS4/libPS4.a(libc.o)
sceKernelGetSystemSwVersion
                    0x8               /home/lm/ps4-payload-sdk/libPS4/libPS4.a(kernel.o)
bcopy               0x8               /home/lm/ps4-payload-sdk/libPS4/libPS4.a(libc.o)
strtok              0x8               /home/lm/ps4-payload-sdk/libPS4/libPS4.a(libc.o)
memcmp              0x8               /home/lm/ps4-payload-sdk/libPS4/libPS4.a(libc.o)
sceKernelClose      0x8               /home/lm/ps4-payload-sdk/libPS4/libPS4.a(kernel.o)
sscanf              0x8               /home/lm/ps4-payload-sdk/libPS4/libPS4.a(libc.o)
sceUserServiceGetUserName
                    0x8               /home/lm/ps4-payload-sdk/libPS4/libPS4.a(sysutil.o)
strncat             0x8               /home/lm/ps4-payload-sdk/libPS4/libPS4.a(libc.o)
memmove_s           0x8               /home/lm/ps4-payload-sdk/libPS4/libPS4.a(libc.o)
fread               0x8               /home/lm/ps4-payload-sdk/libPS4/libPS4.a(libc.o)
_Stoul              0x8               /home/lm/ps4-payload-sdk/libPS4/libPS4.a(libc.o)
pthread_setaffinity_np
                    0x8               /home/lm/ps4-payload-sdk/libPS4/libPS4.a(kernel.o)
strdup              0x8               /home/lm/ps4-payload-sdk/libPS4/libPS4.a(libc.o)
sceNetSetsockopt    0x8               /home/lm/ps4-payload-sdk/libPS4/libPS4.a(network.o)
index               0x8               /home/lm/ps4-payload-sdk/libPS4/libPS4.a(libc.o)
libSceSystemService
                    0x4               /home/lm/ps4-payload-sdk/libPS4/libPS4.a(sysutil.o)
sceNetSocketClose   0x8               /home/lm/ps4-payload-sdk/libPS4/libPS4.a(network.o)
fopen               0x8               /home/lm/ps4-payload-sdk/libPS4/libPS4.a(libc.o)
sceKernelGetProcessTime
                    0x8               /home/lm/ps4-payload-sdk/libPS4/libPS4.a(kernel.o)
asctime_r           0x8               /home/lm/ps4-payload-sdk/libPS4/libPS4.a(libc.o)
setreuid            0x8               /home/lm/ps4-payload-sdk/libPS4/libPS4.a(kernel.o)
localtime           0x8               /home/lm/ps4-payload-sdk/libPS4/libPS4.a(libc.o)
memset              0x8               /home/lm/ps4-payload-sdk/libPS4/libPS4.a(libc.o)
ftell               0x8               /home/lm/ps4-payload-sdk/libPS4/libPS4.a(libc.o)
srand               0x8               /home/lm/ps4-payload-sdk/libPS4/libPS4.a(libc.o)
fclose              0x8               /home/lm/ps4-payload-sdk/libPS4/libPS4.a(libc.o)
sceKernelAllocateDirectMemory
                    0x8               /home/lm/ps4-payload-sdk/libPS4/libPS4.a(kernel.o)
time                0x8               /home/lm/ps4-payload-sdk/libPS4/libPS4.a(libc.o)
opendir             0x8               /home/lm/ps4-payload-sdk/libPS4/libPS4.a(libc.o)
strcmp              0x8               /home/lm/ps4-payload-sdk/libPS4/libPS4.a(libc.o)
sceNetRecv          0x8               /home/lm/ps4-payload-sdk/libPS4/libPS4.a(network.o)
sceUserServiceGetLoginUserIdList
                    0x8               /home/lm/ps4-payload-sdk/libPS4/libPS4.a(sysutil.o)
gmtime_s            0x8               /home/lm/ps4-payload-sdk/libPS4/libPS4.a(libc.o)
sceNetBind          0x8               /home/lm/ps4-payload-sdk/libPS4/libPS4.a(network.o)
memalign            0x8               /home/lm/ps4-payload-sdk/libPS4/libPS4.a(libc.o)
sprintf             0x8               /home/lm/ps4-payload-sdk/libPS4/libPS4.a(libc.o)
libNetCtl           0x4               /home/lm/ps4-payload-sdk/libPS4/libPS4.a(network.o)
sceNetConnect       0x8               /home/lm/ps4-payload-sdk/libPS4/libPS4.a(network.o)
sceNetNtohs         0x8               /home/lm/ps4-payload-sdk/libPS4/libPS4.a(network.o)
ctime_r             0x8               /home/lm/ps4-payload-sdk/libPS4/libPS4.a(libc.o)
sceKernelUsleep     0x8               /home/lm/ps4-payload-sdk/libPS4/libPS4.a(kernel.o)
sceNetCtlTerm       0x8               /home/lm/ps4-payload-sdk/libPS4/libPS4.a(network.o)
sceKernelAddUserEvent
                    0x8               /home/lm/ps4-payload-sdk/libPS4/libPS4.a(kernel.o)
pthread_self        0x8               /home/lm/ps4-payload-sdk/libPS4/libPS4.a(kernel.o)
sceUserServiceTerminate
                    0x8               /home/lm/ps4-payload-sdk/libPS4/libPS4.a(sysutil.o)
localtime_r         0x8               /home/lm/ps4-payload-sdk/libPS4/libPS4.a(libc.o)
sceNetListen        0x8               /home/lm/ps4-payload-sdk/libPS4/libPS4.a(network.o)
isdigit             0x8               /home/lm/ps4-payload-sdk/libPS4/libPS4.a(libc.o)
sceKernelReboot     0x8               /home/lm/ps4-payload-sdk/libPS4/libPS4.a(sysutil.o)
fwrite              0x8               /home/lm/ps4-payload-sdk/libPS4/libPS4.a(libc.o)
sceKernelCreateEqueue
                    0x8               /home/lm/ps4-payload-sdk/libPS4/libPS4.a(kernel.o)
sceNetNtohl         0x8               /home/lm/ps4-payload-sdk/libPS4/libPS4.a(network.o)
sceNetGetsockopt    0x8               /home/lm/ps4-payload-sdk/libPS4/libPS4.a(network.o)
atoi                0x8               /home/lm/ps4-payload-sdk/libPS4/libPS4.a(libc.o)
gmtime              0x8               /home/lm/ps4-payload-sdk/libPS4/libPS4.a(libc.o)
strlen              0x8               /home/lm/ps4-payload-sdk/libPS4/libPS4.a(libc.o)
sceKernelOpen       0x8               /home/lm/ps4-payload-sdk/libPS4/libPS4.a(kernel.o)
strchr              0x8               /home/lm/ps4-payload-sdk/libPS4/libPS4.a(libc.o)
sceNetAccept        0x8               /home/lm/ps4-payload-sdk/libPS4/libPS4.a(network.o)
libNet              0x4               /home/lm/ps4-payload-sdk/libPS4/libPS4.a(network.o)
closedir            0x8               /home/lm/ps4-payload-sdk/libPS4/libPS4.a(libc.o)
setuid              0x8               /home/lm/ps4-payload-sdk/libPS4/libPS4.a(kernel.o)
sysUtilHandle       0x4               /home/lm/ps4-payload-sdk/libPS4/libPS4.a(sysutil.o)
sceKernelGetFsSandboxRandomWord
                    0x8               /home/lm/ps4-payload-sdk/libPS4/libPS4.a(kernel.o)
sceKernelAddReadEvent
                    0x8               /home/lm/ps4-payload-sdk/libPS4/libPS4.a(kernel.o)
sceNetSocketAbort   0x8               /home/lm/ps4-payload-sdk/libPS4/libPS4.a(network.o)
telldir             0x8               /home/lm/ps4-payload-sdk/libPS4/libPS4.a(libc.o)
sysctlbyname        0x8               /home/lm/ps4-payload-sdk/libPS4/libPS4.a(kernel.o)
free                0x8               /home/lm/ps4-payload-sdk/libPS4/libPS4.a(libc.o)

Discarded input sections

 .data          0x0000000000000000        0x0 /tmp/ccioNYKY.o
 .bss           0x0000000000000000        0x0 /tmp/ccioNYKY.o
 .text          0x0000000000000000        0x0 build/checkheaders.o
 .data          0x0000000000000000        0x0 build/checkheaders.o
 .bss           0x0000000000000000        0x0 build/checkheaders.o
 .comment       0x0000000000000000       0x2c build/checkheaders.o
 .note.GNU-stack
                0x0000000000000000        0x0 build/checkheaders.o
 .note.gnu.property
                0x0000000000000000       0x20 build/checkheaders.o
 .text          0x0000000000000000        0x0 build/decrypt.o
 .data          0x0000000000000000        0x0 build/decrypt.o
 .bss           0x0000000000000000        0x0 build/decrypt.o
 .comment       0x0000000000000000       0x2c build/decrypt.o
 .note.GNU-stack
                0x0000000000000000        0x0 build/decrypt.o
 .note.gnu.property
                0x0000000000000000       0x20 build/decrypt.o
 .eh_frame      0x0000000000000000      0x290 build/decrypt.o
 .text          0x0000000000000000        0x0 build/decryptio.o
 .data          0x0000000000000000        0x0 build/decryptio.o
 .bss           0x0000000000000000        0x0 build/decryptio.o
 .comment       0x0000000000000000       0x2c build/decryptio.o
 .note.GNU-stack
                0x0000000000000000        0x0 build/decryptio.o
 .note.gnu.property
                0x0000000000000000       0x20 build/decryptio.o
 .eh_frame      0x0000000000000000       0xd0 build/decryptio.o
 .text          0x0000000000000000        0x0 build/encryptsrv.o
 .data          0x0000000000000000        0x0 build/encryptsrv.o
 .bss           0x0000000000000000        0x0 build/encryptsrv.o
 .comment       0x0000000000000000       0x2c build/encryptsrv.o
 .note.GNU-stack
                0x0000000000000000        0x0 build/encryptsrv.o
 .note.gnu.property
                0x0000000000000000       0x20 build/encryptsrv.o
 .eh_frame      0x0000000000000000      0x180 build/encryptsrv.o
 .text          0x0000000000000000        0x0 build/main.o
 .data          0x0000000000000000        0x0 build/main.o
 .bss           0x0000000000000000        0x0 build/main.o
 .comment       0x0000000000000000       0x2c build/main.o
 .note.GNU-stack
                0x0000000000000000        0x0 build/main.o
 .note.gnu.property
                0x0000000000000000       0x20 build/main.o
 .eh_frame      0x0000000000000000       0x78 build/main.o
 .text          0x0000000000000000        0x0 build/time_utils.o
 .data          0x0000000000000000        0x0 build/time_utils.o
 .bss           0x0000000000000000        0x0 build/time_utils.o
 .comment       0x0000000000000000       0x2c build/time_utils.o
 .note.GNU-stack
                0x0000000000000000        0x0 build/time_utils.o
 .note.gnu.property
                0x0000000000000000       0x20 build/time_utils.o
 .eh_frame      0x0000000000000000       0x38 build/time_utils.o
 .data          0x0000000000000000        0x0 /home/lm/ps4-payload-sdk/libPS4/libPS4.a(file.o)
 .bss           0x0000000000000000        0x0 /home/lm/ps4-payload-sdk/libPS4/libPS4.a(file.o)
 .text.getSandboxDirectory
                0x0000000000000000       0x1b /home/lm/ps4-payload-sdk/libPS4/libPS4.a(file.o)
 .text.file_exists
                0x0000000000000000       0x23 /home/lm/ps4-payload-sdk/libPS4/libPS4.a(file.o)
 .text.dir_exists
                0x0000000000000000       0x28 /home/lm/ps4-payload-sdk/libPS4/libPS4.a(file.o)
 .text.symlink_exists
                0x0000000000000000       0x3a /home/lm/ps4-payload-sdk/libPS4/libPS4.a(file.o)
 .text.touch_file
                0x0000000000000000       0x23 /home/lm/ps4-payload-sdk/libPS4/libPS4.a(file.o)
 .text.copy_file
                0x0000000000000000       0x99 /home/lm/ps4-payload-sdk/libPS4/libPS4.a(file.o)
 .rodata.copy_dir.str1.1
                0x0000000000000000        0xb /home/lm/ps4-payload-sdk/libPS4/libPS4.a(file.o)
 .text.copy_dir
                0x0000000000000000      0x132 /home/lm/ps4-payload-sdk/libPS4/libPS4.a(file.o)
 .text.file_compare
                0x0000000000000000      0x175 /home/lm/ps4-payload-sdk/libPS4/libPS4.a(file.o)
 .text.rmtree   0x0000000000000000      0x143 /home/lm/ps4-payload-sdk/libPS4/libPS4.a(file.o)
 .text.fgetc_pointer
                0x0000000000000000       0x2c /home/lm/ps4-payload-sdk/libPS4/libPS4.a(file.o)
 .text.build_iovec
                0x0000000000000000       0xec /home/lm/ps4-payload-sdk/libPS4/libPS4.a(file.o)
 .rodata.mount_large_fs.str1.1
                0x0000000000000000       0x4b /home/lm/ps4-payload-sdk/libPS4/libPS4.a(file.o)
 .text.mount_large_fs
                0x0000000000000000      0x14f /home/lm/ps4-payload-sdk/libPS4/libPS4.a(file.o)
 .comment       0x0000000000000000       0x2c /home/lm/ps4-payload-sdk/libPS4/libPS4.a(file.o)
 .note.GNU-stack
                0x0000000000000000        0x0 /home/lm/ps4-payload-sdk/libPS4/libPS4.a(file.o)
 .note.gnu.property
                0x0000000000000000       0x20 /home/lm/ps4-payload-sdk/libPS4/libPS4.a(file.o)
 .eh_frame      0x0000000000000000      0x260 /home/lm/ps4-payload-sdk/libPS4/libPS4.a(file.o)
 .text          0x0000000000000000        0x0 /home/lm/ps4-payload-sdk/libPS4/libPS4.a(sysutil.o)
 .data          0x0000000000000000        0x0 /home/lm/ps4-payload-sdk/libPS4/libPS4.a(sysutil.o)
 .bss           0x0000000000000000        0x0 /home/lm/ps4-payload-sdk/libPS4/libPS4.a(sysutil.o)
 .rodata.initUserService.str1.1
                0x0000000000000000       0xb3 /home/lm/ps4-payload-sdk/libPS4/libPS4.a(sysutil.o)
 .text.initUserService
                0x0000000000000000       0x9f /home/lm/ps4-payload-sdk/libPS4/libPS4.a(sysutil.o)
 .text.openBrowser
                0x0000000000000000       0x12 /home/lm/ps4-payload-sdk/libPS4/libPS4.a(sysutil.o)
 .text.getUserIDList
                0x0000000000000000       0x47 /home/lm/ps4-payload-sdk/libPS4/libPS4.a(sysutil.o)
 .text.getUserID
                0x0000000000000000       0x18 /home/lm/ps4-payload-sdk/libPS4/libPS4.a(sysutil.o)
 .text.getUserName
                0x0000000000000000       0x8d /home/lm/ps4-payload-sdk/libPS4/libPS4.a(sysutil.o)
 .text.getInitialUser
                0x0000000000000000       0x45 /home/lm/ps4-payload-sdk/libPS4/libPS4.a(sysutil.o)
 .rodata.shutdown.str1.1
                0x0000000000000000       0x11 /home/lm/ps4-payload-sdk/libPS4/libPS4.a(sysutil.o)
 .text.shutdown
                0x0000000000000000       0x55 /home/lm/ps4-payload-sdk/libPS4/libPS4.a(sysutil.o)
 .rodata.reboot.str1.1
                0x0000000000000000       0x32 /home/lm/ps4-payload-sdk/libPS4/libPS4.a(sysutil.o)
 .text.reboot   0x0000000000000000       0x41 /home/lm/ps4-payload-sdk/libPS4/libPS4.a(sysutil.o)
 .comment       0x0000000000000000       0x2c /home/lm/ps4-payload-sdk/libPS4/libPS4.a(sysutil.o)
 .note.GNU-stack
                0x0000000000000000        0x0 /home/lm/ps4-payload-sdk/libPS4/libPS4.a(sysutil.o)
 .note.gnu.property
                0x0000000000000000       0x20 /home/lm/ps4-payload-sdk/libPS4/libPS4.a(sysutil.o)
 .eh_frame      0x0000000000000000      0x120 /home/lm/ps4-payload-sdk/libPS4/libPS4.a(sysutil.o)
 .text          0x0000000000000000        0x0 /home/lm/ps4-payload-sdk/libPS4/libPS4.a(debug.o)
 .data          0x0000000000000000        0x0 /home/lm/ps4-payload-sdk/libPS4/libPS4.a(debug.o)
 .bss           0x0000000000000000        0x0 /home/lm/ps4-payload-sdk/libPS4/libPS4.a(debug.o)
 .comment       0x0000000000000000       0x2c /home/lm/ps4-payload-sdk/libPS4/libPS4.a(debug.o)
 .note.GNU-stack
                0x0000000000000000        0x0 /home/lm/ps4-payload-sdk/libPS4/libPS4.a(debug.o)
 .note.gnu.property
                0x0000000000000000       0x20 /home/lm/ps4-payload-sdk/libPS4/libPS4.a(debug.o)
 .text          0x0000000000000000        0x0 /home/lm/ps4-payload-sdk/libPS4/libPS4.a(libc.o)
 .data          0x0000000000000000        0x0 /home/lm/ps4-payload-sdk/libPS4/libPS4.a(libc.o)
 .bss           0x0000000000000000        0x0 /home/lm/ps4-payload-sdk/libPS4/libPS4.a(libc.o)
 .text.memset_s
                0x0000000000000000       0x51 /home/lm/ps4-payload-sdk/libPS4/libPS4.a(libc.o)
 .comment       0x0000000000000000       0x2c /home/lm/ps4-payload-sdk/libPS4/libPS4.a(libc.o)
 .note.GNU-stack
                0x0000000000000000        0x0 /home/lm/ps4-payload-sdk/libPS4/libPS4.a(libc.o)
 .note.gnu.property
                0x0000000000000000       0x20 /home/lm/ps4-payload-sdk/libPS4/libPS4.a(libc.o)
 .eh_frame      0x0000000000000000       0x68 /home/lm/ps4-payload-sdk/libPS4/libPS4.a(libc.o)
 .data          0x0000000000000000        0x0 /home/lm/ps4-payload-sdk/libPS4/libPS4.a(module.o)
 .bss           0x0000000000000000        0x0 /home/lm/ps4-payload-sdk/libPS4/libPS4.a(module.o)
 .text.getModuleInfo
                0x0000000000000000       0x1f /home/lm/ps4-payload-sdk/libPS4/libPS4.a(module.o)
 .text.unloadModule
                0x0000000000000000       0x19 /home/lm/ps4-payload-sdk/libPS4/libPS4.a(module.o)
 .rodata.initModule.str1.1
                0x0000000000000000       0x2c /home/lm/ps4-payload-sdk/libPS4/libPS4.a(module.o)
 .text.initModule
                0x0000000000000000       0x47 /home/lm/ps4-payload-sdk/libPS4/libPS4.a(module.o)
 .comment       0x0000000000000000       0x2c /home/lm/ps4-payload-sdk/libPS4/libPS4.a(module.o)
 .note.GNU-stack
                0x0000000000000000        0x0 /home/lm/ps4-payload-sdk/libPS4/libPS4.a(module.o)
 .note.gnu.property
                0x0000000000000000       0x20 /home/lm/ps4-payload-sdk/libPS4/libPS4.a(module.o)
 .eh_frame      0x0000000000000000       0x80 /home/lm/ps4-payload-sdk/libPS4/libPS4.a(module.o)
 COMMON         0x0000000000000000        0xc /home/lm/ps4-payload-sdk/libPS4/libPS4.a(module.o)
 .text          0x0000000000000000        0x0 /home/lm/ps4-payload-sdk/libPS4/libPS4.a(network.o)
 .data          0x0000000000000000        0x0 /home/lm/ps4-payload-sdk/libPS4/libPS4.a(network.o)
 .bss           0x0000000000000000        0x0 /home/lm/ps4-payload-sdk/libPS4/libPS4.a(network.o)
 .rodata.initNetwork.str1.1
                0x0000000000000000      0x173 /home/lm/ps4-payload-sdk/libPS4/libPS4.a(network.o)
 .text.initNetwork
                0x0000000000000000      0x258 /home/lm/ps4-payload-sdk/libPS4/libPS4.a(network.o)
 .text.SckConnect
                0x0000000000000000       0xa9 /home/lm/ps4-payload-sdk/libPS4/libPS4.a(network.o)
 .text.SckClose
                0x0000000000000000        0xd /home/lm/ps4-payload-sdk/libPS4/libPS4.a(network.o)
 .text.SckRecv  0x0000000000000000       0xce /home/lm/ps4-payload-sdk/libPS4/libPS4.a(network.o)
 .text.SckRecvf
                0x0000000000000000       0x7b /home/lm/ps4-payload-sdk/libPS4/libPS4.a(network.o)
 .comment       0x0000000000000000       0x2c /home/lm/ps4-payload-sdk/libPS4/libPS4.a(network.o)
 .note.GNU-stack
                0x0000000000000000        0x0 /home/lm/ps4-payload-sdk/libPS4/libPS4.a(network.o)
 .note.gnu.property
                0x0000000000000000       0x20 /home/lm/ps4-payload-sdk/libPS4/libPS4.a(network.o)
 .eh_frame      0x0000000000000000      0x118 /home/lm/ps4-payload-sdk/libPS4/libPS4.a(network.o)
 .data          0x0000000000000000        0x0 /home/lm/ps4-payload-sdk/libPS4/libPS4.a(kernel.o)
 .bss           0x0000000000000000        0x0 /home/lm/ps4-payload-sdk/libPS4/libPS4.a(kernel.o)
 .comment       0x0000000000000000       0x2c /home/lm/ps4-payload-sdk/libPS4/libPS4.a(kernel.o)
 .note.GNU-stack
                0x0000000000000000        0x0 /home/lm/ps4-payload-sdk/libPS4/libPS4.a(kernel.o)
 .note.gnu.property
                0x0000000000000000       0x20 /home/lm/ps4-payload-sdk/libPS4/libPS4.a(kernel.o)
 .eh_frame      0x0000000000000000       0x50 /home/lm/ps4-payload-sdk/libPS4/libPS4.a(kernel.o)
 .data          0x0000000000000000        0x0 /home/lm/ps4-payload-sdk/libPS4/libPS4.a(syscall.o)
 .bss           0x0000000000000000        0x0 /home/lm/ps4-payload-sdk/libPS4/libPS4.a(syscall.o)

Memory Configuration

Name             Origin             Length             Attributes
*default*        0x0000000000000000 0xffffffffffffffff

Linker script and memory map

LOAD /tmp/ccioNYKY.o
LOAD build/checkheaders.o
LOAD build/decrypt.o
LOAD build/decryptio.o
LOAD build/encryptsrv.o
LOAD build/main.o
LOAD build/time_utils.o

.text           0x0000000000000000     0x33b9
 *(.text.start)
 *(.text*)
 .text          0x0000000000000000        0x5 /tmp/ccioNYKY.o
                0x0000000000000000                _start
 .text.find_table_segment.part.0
                0x0000000000000005       0x8c build/decrypt.o
 .text.verify_segment
                0x0000000000000091      0x179 build/decrypt.o
                0x0000000000000091                verify_segment
 .text.verify_segments
                0x000000000000020a      0x198 build/decrypt.o
                0x000000000000020a                verify_segments
 .text.decrypt_segment
                0x00000000000003a2      0x253 build/decrypt.o
                0x00000000000003a2                decrypt_segment
 .text.decrypt_segment_blocks
                0x00000000000005f5      0x84b build/decrypt.o
                0x00000000000005f5                decrypt_segment_blocks
 .text.find_table_segment
                0x0000000000000e40       0x4f build/decrypt.o
                0x0000000000000e40                find_table_segment
 .text.decrypt_pup_data
                0x0000000000000e8f      0x5ab build/decrypt.o
                0x0000000000000e8f                decrypt_pup_data
 .text.decrypt_pup
                0x000000000000143a      0x1dc build/decrypt.o
                0x000000000000143a                decrypt_pup
 .text.decrypt_pups
                0x0000000000001616      0x691 build/decrypt.o
                0x0000000000001616                decrypt_pups
 .text.readbytes
                0x0000000000001ca7      0x2c2 build/decryptio.o
                0x0000000000001ca7                readbytes
 .text.writebytes
                0x0000000000001f69      0x2c2 build/decryptio.o
                0x0000000000001f69                writebytes
 .text.translate_type
                0x000000000000222b       0x2d build/encryptsrv.o
                0x000000000000222b                translate_type
 .text.encsrv_verify_blsheader
                0x0000000000002258       0x5e build/encryptsrv.o
                0x0000000000002258                encsrv_verify_blsheader
 .text.encsrv_decrypt_header
                0x00000000000022b6       0x65 build/encryptsrv.o
                0x00000000000022b6                encsrv_decrypt_header
 .text.encsrv_verify_segment
                0x000000000000231b       0x71 build/encryptsrv.o
                0x000000000000231b                encsrv_verify_segment
 .text.encsrv_decrypt_segment
                0x000000000000238c       0x5f build/encryptsrv.o
                0x000000000000238c                encsrv_decrypt_segment
 .text.encsrv_decrypt_segment_block
                0x00000000000023eb       0x8b build/encryptsrv.o
                0x00000000000023eb                encsrv_decrypt_segment_block
 .text.kpayload
                0x0000000000002476       0x72 build/main.o
                0x0000000000002476                kpayload
 .text._main    0x00000000000024e8      0x308 build/main.o
                0x00000000000024e8                _main
 .text.GetElapsed
                0x00000000000027f0       0x38 build/time_utils.o
                0x00000000000027f0                GetElapsed
 .text          0x0000000000002828      0x108 /home/lm/ps4-payload-sdk/libPS4/libPS4.a(file.o)
                0x0000000000002828                read
                0x0000000000002834                write
                0x0000000000002840                open
                0x000000000000284c                close
                0x0000000000002858                unlink
                0x0000000000002864                link
                0x0000000000002870                readlink
                0x000000000000287c                symlink
                0x0000000000002888                mount
                0x0000000000002894                nmount
                0x00000000000028a0                unmount
                0x00000000000028ac                fchown
                0x00000000000028b8                fchmod
                0x00000000000028c4                rename
                0x00000000000028d0                mkdir
                0x00000000000028dc                rmdir
                0x00000000000028e8                stat
                0x00000000000028f4                fstat
                0x0000000000002900                lstat
                0x000000000000290c                getdents
                0x0000000000002918                lseek
                0x0000000000002924                fstatat
 .text.initSysUtil
                0x0000000000002930       0x86 /home/lm/ps4-payload-sdk/libPS4/libPS4.a(sysutil.o)
                0x0000000000002930                initSysUtil
 .text.initLibc
                0x00000000000029b6      0x5d2 /home/lm/ps4-payload-sdk/libPS4/libPS4.a(libc.o)
                0x00000000000029b6                initLibc
 .text          0x0000000000002f88       0x18 /home/lm/ps4-payload-sdk/libPS4/libPS4.a(module.o)
                0x0000000000002f88                getFunctionAddressByName
                0x0000000000002f94                getLoadedModules
 .text.loadModule
                0x0000000000002fa0       0x1e /home/lm/ps4-payload-sdk/libPS4/libPS4.a(module.o)
                0x0000000000002fa0                loadModule
 .text.SckSend  0x0000000000002fbe       0x15 /home/lm/ps4-payload-sdk/libPS4/libPS4.a(network.o)
                0x0000000000002fbe                SckSend
 .text          0x0000000000002fd3       0x24 /home/lm/ps4-payload-sdk/libPS4/libPS4.a(kernel.o)
                0x0000000000002fd3                kill
                0x0000000000002fdf                ioctl
                0x0000000000002feb                kexec
 .text.initKernel
                0x0000000000002ff7      0x394 /home/lm/ps4-payload-sdk/libPS4/libPS4.a(kernel.o)
                0x0000000000002ff7                initKernel
 .text          0x000000000000338b       0x2e /home/lm/ps4-payload-sdk/libPS4/libPS4.a(syscall.o)
                0x000000000000338b                syscall
                0x000000000000338e                syscall_macro

.plt            0x00000000000033c0        0x0
 .plt           0x00000000000033c0        0x0 /tmp/ccioNYKY.o

.plt.got        0x00000000000033c0        0x0
 .plt.got       0x00000000000033c0        0x0 /tmp/ccioNYKY.o

.rodata         0x00000000000033bc      0xe5e
 *(.rodata)
 *(.rodata*)
 .rodata.find_table_segment.part.0.str1.1
                0x00000000000033bc       0x20 build/decrypt.o
 .rodata.verify_segment.str1.1
                0x00000000000033dc       0x50 build/decrypt.o
 .rodata.verify_segments.str1.1
                0x000000000000342c       0x46 build/decrypt.o
 .rodata.decrypt_segment.str1.1
                0x0000000000003472       0x6c build/decrypt.o
 .rodata.decrypt_segment_blocks.str1.1
                0x00000000000034de      0x209 build/decrypt.o
 .rodata.decrypt_pup_data.str1.1
                0x00000000000036e7      0x19e build/decrypt.o
 .rodata.decrypt_pup.str1.1
                0x0000000000003885       0x8e build/decrypt.o
 .rodata.decrypt_pups.str1.1
                0x0000000000003913      0x14e build/decrypt.o
                                        0x151 (size before relaxing)
 *fill*         0x0000000000003a61        0x3 
 .rodata.cst4   0x0000000000003a64        0x4 build/decrypt.o
 .rodata.readbytes.str1.1
                0x0000000000003a68       0xbb build/decryptio.o
 .rodata.writebytes.str1.1
                0x0000000000003b23       0xc0 build/decryptio.o
 .rodata._main.str1.1
                0x0000000000003be3       0xe2 build/main.o
                                        0x14a (size before relaxing)
 .rodata.initSysUtil.str1.1
                0x0000000000003cc5       0x9c /home/lm/ps4-payload-sdk/libPS4/libPS4.a(sysutil.o)
 .rodata.initLibc.str1.1
                0x0000000000003d61      0x1f8 /home/lm/ps4-payload-sdk/libPS4/libPS4.a(libc.o)
                                        0x216 (size before relaxing)
 .rodata.initKernel.str1.1
                0x0000000000003f59      0x2c1 /home/lm/ps4-payload-sdk/libPS4/libPS4.a(kernel.o)
                                        0x2d4 (size before relaxing)

.gnu.version_d  0x0000000000004220        0x0
 .gnu.version_d
                0x0000000000004220        0x0 /tmp/ccioNYKY.o

.gnu.version    0x000000000000421a        0x0
 .gnu.version   0x000000000000421a        0x0 /tmp/ccioNYKY.o

.gnu.version_r  0x0000000000004220        0x0
 .gnu.version_r
                0x0000000000004220        0x0 /tmp/ccioNYKY.o

.dynsym         0x0000000000004220       0x18
 .dynsym        0x0000000000004220       0x18 /tmp/ccioNYKY.o

.dynstr         0x0000000000004238        0x1
 .dynstr        0x0000000000004238        0x1 /tmp/ccioNYKY.o

.gnu.hash       0x0000000000004240       0x1c
 .gnu.hash      0x0000000000004240       0x1c /tmp/ccioNYKY.o

.eh_frame_hdr   0x000000000000425c        0x0
 .eh_frame_hdr  0x000000000000425c        0x0 build/decrypt.o

.rela.dyn       0x0000000000004260        0x0
 .rela.plt      0x0000000000004260        0x0 /tmp/ccioNYKY.o
 .rela.got      0x0000000000004260        0x0 /tmp/ccioNYKY.o
 .rela.bss      0x0000000000004260        0x0 /tmp/ccioNYKY.o
 .rela.data.rel.ro
                0x0000000000004260        0x0 /tmp/ccioNYKY.o
 .rela.ifunc    0x0000000000004260        0x0 /tmp/ccioNYKY.o
 .rela.text.find_table_segment.part.0
                0x0000000000004260        0x0 /tmp/ccioNYKY.o
 .rela.text.verify_segment
                0x0000000000004260        0x0 /tmp/ccioNYKY.o
 .rela.text.verify_segments
                0x0000000000004260        0x0 /tmp/ccioNYKY.o
 .rela.text.decrypt_segment
                0x0000000000004260        0x0 /tmp/ccioNYKY.o
 .rela.text.decrypt_segment_blocks
                0x0000000000004260        0x0 /tmp/ccioNYKY.o
 .rela.text.decrypt_pup_data
                0x0000000000004260        0x0 /tmp/ccioNYKY.o
 .rela.text.decrypt_pup
                0x0000000000004260        0x0 /tmp/ccioNYKY.o
 .rela.text.decrypt_pups
                0x0000000000004260        0x0 /tmp/ccioNYKY.o
 .rela.text.readbytes
                0x0000000000004260        0x0 /tmp/ccioNYKY.o
 .rela.text.writebytes
                0x0000000000004260        0x0 /tmp/ccioNYKY.o
 .rela.text.encsrv_verify_blsheader
                0x0000000000004260        0x0 /tmp/ccioNYKY.o
 .rela.text.encsrv_decrypt_header
                0x0000000000004260        0x0 /tmp/ccioNYKY.o
 .rela.text.encsrv_verify_segment
                0x0000000000004260        0x0 /tmp/ccioNYKY.o
 .rela.text.encsrv_decrypt_segment
                0x0000000000004260        0x0 /tmp/ccioNYKY.o
 .rela.text.encsrv_decrypt_segment_block
                0x0000000000004260        0x0 /tmp/ccioNYKY.o
 .rela.text._main
                0x0000000000004260        0x0 /tmp/ccioNYKY.o
 .rela.text.GetElapsed
                0x0000000000004260        0x0 /tmp/ccioNYKY.o
 .rela.text.initSysUtil
                0x0000000000004260        0x0 /tmp/ccioNYKY.o
 .rela.text.initLibc
                0x0000000000004260        0x0 /tmp/ccioNYKY.o
 .rela.text.SckSend
                0x0000000000004260        0x0 /tmp/ccioNYKY.o
 .rela.text.initKernel
                0x0000000000004260        0x0 /tmp/ccioNYKY.o
 .rela.text     0x0000000000004260        0x0 /tmp/ccioNYKY.o

.data
 *(.data)

.dynamic        0x0000000000004260       0xe0
 .dynamic       0x0000000000004260       0xe0 /tmp/ccioNYKY.o
                0x0000000000004260                _DYNAMIC

.got            0x0000000000004340        0x0
 .got           0x0000000000004340        0x0 /tmp/ccioNYKY.o

.got.plt        0x0000000000004340        0x0
 .got.plt       0x0000000000004340        0x0 /tmp/ccioNYKY.o

.data.rel.ro    0x0000000000004340        0x0
 .data.rel.ro   0x0000000000004340        0x0 /tmp/ccioNYKY.o

.data.DEBUG_SOCK
                0x0000000000004340        0x4
 .data.DEBUG_SOCK
                0x0000000000004340        0x4 /home/lm/ps4-payload-sdk/libPS4/libPS4.a(debug.o)
                0x0000000000004340                DEBUG_SOCK

.bss            0x0000000000004348      0x490
 *(.bss)
 COMMON         0x0000000000004348        0x8 build/main.o
                0x0000000000004348                prevtime
 COMMON         0x0000000000004350       0x54 /home/lm/ps4-payload-sdk/libPS4/libPS4.a(sysutil.o)
                0x0000000000004350                sceUserServiceInitialize
                0x0000000000004358                sceSysUtilSendSystemNotificationWithText
                0x0000000000004360                sceUserServiceGetInitialUser
                0x0000000000004368                libSceUserService
                0x0000000000004370                sceSystemServiceLaunchWebBrowser
                0x0000000000004378                sceUserServiceGetUserName
                0x0000000000004380                libSceSystemService
                0x0000000000004388                sceUserServiceGetLoginUserIdList
                0x0000000000004390                sceUserServiceTerminate
                0x0000000000004398                sceKernelReboot
                0x00000000000043a0                sysUtilHandle
 *fill*         0x00000000000043a4        0x4 
 COMMON         0x00000000000043a8      0x220 /home/lm/ps4-payload-sdk/libPS4/libPS4.a(libc.o)
                0x00000000000043a8                strcpy
                0x00000000000043b0                asctime
                0x00000000000043b8                libc
                0x00000000000043c0                strerror
                0x00000000000043c8                memmove
                0x00000000000043d0                snprintf
                0x00000000000043d8                strncpy_s
                0x00000000000043e0                ceil
                0x00000000000043e8                memcpy
                0x00000000000043f0                seekdir
                0x00000000000043f8                rewinddir
                0x0000000000004400                malloc
                0x0000000000004408                readdir_r
                0x0000000000004410                getprogname
                0x0000000000004418                readdir
                0x0000000000004420                strtol
                0x0000000000004428                snprintf_s
                0x0000000000004430                strrchr
                0x0000000000004438                calloc
                0x0000000000004440                rindex
                0x0000000000004448                atof
                0x0000000000004450                _Getpctype
                0x0000000000004458                fprintf
                0x0000000000004460                ctime
                0x0000000000004468                strcat
                0x0000000000004470                fseek
                0x0000000000004478                mktime
                0x0000000000004480                strstr
                0x0000000000004488                rand
                0x0000000000004490                dirfd
                0x0000000000004498                strlcpy
                0x00000000000044a0                strncmp
                0x00000000000044a8                strncpy
                0x00000000000044b0                realloc
                0x00000000000044b8                bcopy
                0x00000000000044c0                strtok
                0x00000000000044c8                memcmp
                0x00000000000044d0                sscanf
                0x00000000000044d8                strncat
                0x00000000000044e0                memmove_s
                0x00000000000044e8                fread
                0x00000000000044f0                _Stoul
                0x00000000000044f8                strdup
                0x0000000000004500                index
                0x0000000000004508                fopen
                0x0000000000004510                asctime_r
                0x0000000000004518                localtime
                0x0000000000004520                memset
                0x0000000000004528                ftell
                0x0000000000004530                srand
                0x0000000000004538                fclose
                0x0000000000004540                time
                0x0000000000004548                opendir
                0x0000000000004550                strcmp
                0x0000000000004558                gmtime_s
                0x0000000000004560                memalign
                0x0000000000004568                sprintf
                0x0000000000004570                ctime_r
                0x0000000000004578                localtime_r
                0x0000000000004580                isdigit
                0x0000000000004588                fwrite
                0x0000000000004590                atoi
                0x0000000000004598                gmtime
                0x00000000000045a0                strlen
                0x00000000000045a8                strchr
                0x00000000000045b0                closedir
                0x00000000000045b8                telldir
                0x00000000000045c0                free
 COMMON         0x00000000000045c8       0xd0 /home/lm/ps4-payload-sdk/libPS4/libPS4.a(network.o)
                0x00000000000045c8                sceNetCtlInit
                0x00000000000045d0                sceNetHtonll
                0x00000000000045d8                sceNetNtohll
                0x00000000000045e0                sceNetCtlGetInfo
                0x00000000000045e8                sceNetInetNtop
                0x00000000000045f0                sceNetSocket
                0x00000000000045f8                sceNetInetPton
                0x0000000000004600                sceNetGetsockname
                0x0000000000004608                sceNetHtons
                0x0000000000004610                sceNetSend
                0x0000000000004618                sceNetHtonl
                0x0000000000004620                sceNetErrnoLoc
                0x0000000000004628                sceNetSetsockopt
                0x0000000000004630                sceNetSocketClose
                0x0000000000004638                sceNetRecv
                0x0000000000004640                sceNetBind
                0x0000000000004648                libNetCtl
                0x0000000000004650                sceNetConnect
                0x0000000000004658                sceNetNtohs
                0x0000000000004660                sceNetCtlTerm
                0x0000000000004668                sceNetListen
                0x0000000000004670                sceNetNtohl
                0x0000000000004678                sceNetGetsockopt
                0x0000000000004680                sceNetAccept
                0x0000000000004688                libNet
                0x0000000000004690                sceNetSocketAbort
 COMMON         0x0000000000004698      0x140 /home/lm/ps4-payload-sdk/libPS4/libPS4.a(kernel.o)
                0x0000000000004698                sceKernelGettimeofday
                0x00000000000046a0                getgid
                0x00000000000046a8                libKernelHandle
                0x00000000000046b0                __stack_chk_guard
                0x00000000000046b8                sceKernelGetDirectMemorySize
                0x00000000000046c0                execve
                0x00000000000046c8                getpid
                0x00000000000046d0                sceKernelSleep
                0x00000000000046d8                sceKernelGetCurrentCpu
                0x00000000000046e0                sceKernelDeleteEqueue
                0x00000000000046e8                sceKernelGetCpuTemperature
                0x00000000000046f0                getuid
                0x00000000000046f8                __stack_chk_fail
                0x0000000000004700                sceKernelMapDirectMemory
                0x0000000000004708                sysarch
                0x0000000000004710                sceKernelError
                0x0000000000004718                sysctl
                0x0000000000004720                sceKernelRead
                0x0000000000004728                setregid
                0x0000000000004730                __error
                0x0000000000004738                sceKernelSendNotificationRequest
                0x0000000000004740                setgid
                0x0000000000004748                sceKernelLseek
                0x0000000000004750                sceKernelStat
                0x0000000000004758                sceKernelLoadStartModule
                0x0000000000004760                sceKernelGetSystemSwVersion
                0x0000000000004768                sceKernelClose
                0x0000000000004770                pthread_setaffinity_np
                0x0000000000004778                sceKernelGetProcessTime
                0x0000000000004780                setreuid
                0x0000000000004788                sceKernelAllocateDirectMemory
                0x0000000000004790                sceKernelUsleep
                0x0000000000004798                sceKernelAddUserEvent
                0x00000000000047a0                pthread_self
                0x00000000000047a8                sceKernelCreateEqueue
                0x00000000000047b0                sceKernelOpen
                0x00000000000047b8                setuid
                0x00000000000047c0                sceKernelGetFsSandboxRandomWord
                0x00000000000047c8                sceKernelAddReadEvent
                0x00000000000047d0                sysctlbyname

.dynbss         0x00000000000047d8        0x0
 .dynbss        0x00000000000047d8        0x0 /tmp/ccioNYKY.o

.bss.kernel_base
                0x00000000000047d8        0x8
 .bss.kernel_base
                0x00000000000047d8        0x8 build/main.o
                0x00000000000047d8                kernel_base

.bss.sceKernelDebugOutText
                0x00000000000047e0        0x8
 .bss.sceKernelDebugOutText
                0x00000000000047e0        0x8 build/main.o

/DISCARD/
 *(.comment)
 *(.note.GNU-stack)
 *(.eh_frame)
 *(.interp)
LOAD /home/lm/ps4-payload-sdk/libPS4/libPS4.a
OUTPUT(temp.t elf64-x86-64)
