Archive member included to satisfy reference by file (symbol)

/home/lm/ps4-payload-sdk/libPS4/libPS4.a(file.o)
                              build/main.o (unmount)
/home/lm/ps4-payload-sdk/libPS4/libPS4.a(sysutil.o)
                              build/main.o (initSysUtil)
/home/lm/ps4-payload-sdk/libPS4/libPS4.a(debug.o)
                              build/main.o (DEBUG_SOCK)
/home/lm/ps4-payload-sdk/libPS4/libPS4.a(libc.o)
                              build/main.o (initLibc)
/home/lm/ps4-payload-sdk/libPS4/libPS4.a(module.o)
                              build/main.o (getFunctionAddressByName)
/home/lm/ps4-payload-sdk/libPS4/libPS4.a(network.o)
                              build/main.o (SckSend)
/home/lm/ps4-payload-sdk/libPS4/libPS4.a(kernel.o)
                              build/main.o (initKernel)
/home/lm/ps4-payload-sdk/libPS4/libPS4.a(syscall.o)
                              build/main.o (syscall)

Merging program properties

Removed property 0xc0000002 to merge build/main.o (0x3) and /tmp/ccs2xlap.o (not found)
Removed property 0xc0000002 to merge build/main.o (not found) and /home/lm/ps4-payload-sdk/libPS4/libPS4.a(file.o) (0x3)
Removed property 0xc0000002 to merge build/main.o (not found) and /home/lm/ps4-payload-sdk/libPS4/libPS4.a(sysutil.o) (0x3)
Removed property 0xc0000002 to merge build/main.o (not found) and /home/lm/ps4-payload-sdk/libPS4/libPS4.a(debug.o) (0x3)
Removed property 0xc0000002 to merge build/main.o (not found) and /home/lm/ps4-payload-sdk/libPS4/libPS4.a(libc.o) (0x3)
Removed property 0xc0000002 to merge build/main.o (not found) and /home/lm/ps4-payload-sdk/libPS4/libPS4.a(module.o) (0x3)
Removed property 0xc0000002 to merge build/main.o (not found) and /home/lm/ps4-payload-sdk/libPS4/libPS4.a(network.o) (0x3)
Removed property 0xc0000002 to merge build/main.o (not found) and /home/lm/ps4-payload-sdk/libPS4/libPS4.a(kernel.o) (0x3)

Allocating common symbols
Common symbol       size              file

strcpy              0x8               /home/lm/ps4-payload-sdk/libPS4/libPS4.a(libc.o)
asctime             0x8               /home/lm/ps4-payload-sdk/libPS4/libPS4.a(libc.o)
libc                0x4               /home/lm/ps4-payload-sdk/libPS4/libPS4.a(libc.o)
sceKernelGettimeofday
                    0x8               /home/lm/ps4-payload-sdk/libPS4/libPS4.a(kernel.o)
sceSysmoduleLoadModule
                    0x8               /home/lm/ps4-payload-sdk/libPS4/libPS4.a(module.o)
getgid              0x8               /home/lm/ps4-payload-sdk/libPS4/libPS4.a(kernel.o)
sceUserServiceInitialize
                    0x8               /home/lm/ps4-payload-sdk/libPS4/libPS4.a(sysutil.o)
strerror            0x8               /home/lm/ps4-payload-sdk/libPS4/libPS4.a(libc.o)
memmove             0x8               /home/lm/ps4-payload-sdk/libPS4/libPS4.a(libc.o)
snprintf            0x8               /home/lm/ps4-payload-sdk/libPS4/libPS4.a(libc.o)
strncpy_s           0x8               /home/lm/ps4-payload-sdk/libPS4/libPS4.a(libc.o)
libKernelHandle     0x4               /home/lm/ps4-payload-sdk/libPS4/libPS4.a(kernel.o)
__stack_chk_guard   0x8               /home/lm/ps4-payload-sdk/libPS4/libPS4.a(kernel.o)
sceKernelGetDirectMemorySize
                    0x8               /home/lm/ps4-payload-sdk/libPS4/libPS4.a(kernel.o)
ceil                0x8               /home/lm/ps4-payload-sdk/libPS4/libPS4.a(libc.o)
sceNetCtlInit       0x8               /home/lm/ps4-payload-sdk/libPS4/libPS4.a(network.o)
sceNetHtonll        0x8               /home/lm/ps4-payload-sdk/libPS4/libPS4.a(network.o)
execve              0x8               /home/lm/ps4-payload-sdk/libPS4/libPS4.a(kernel.o)
getpid              0x8               /home/lm/ps4-payload-sdk/libPS4/libPS4.a(kernel.o)
sceNetNtohll        0x8               /home/lm/ps4-payload-sdk/libPS4/libPS4.a(network.o)
sceKernelSleep      0x8               /home/lm/ps4-payload-sdk/libPS4/libPS4.a(kernel.o)
memcpy              0x8               /home/lm/ps4-payload-sdk/libPS4/libPS4.a(libc.o)
sceKernelGetCurrentCpu
                    0x8               /home/lm/ps4-payload-sdk/libPS4/libPS4.a(kernel.o)
sceNetCtlGetInfo    0x8               /home/lm/ps4-payload-sdk/libPS4/libPS4.a(network.o)
seekdir             0x8               /home/lm/ps4-payload-sdk/libPS4/libPS4.a(libc.o)
sceKernelDeleteEqueue
                    0x8               /home/lm/ps4-payload-sdk/libPS4/libPS4.a(kernel.o)
sceKernelGetCpuTemperature
                    0x8               /home/lm/ps4-payload-sdk/libPS4/libPS4.a(kernel.o)
getuid              0x8               /home/lm/ps4-payload-sdk/libPS4/libPS4.a(kernel.o)
rewinddir           0x8               /home/lm/ps4-payload-sdk/libPS4/libPS4.a(libc.o)
malloc              0x8               /home/lm/ps4-payload-sdk/libPS4/libPS4.a(libc.o)
sceNetInetNtop      0x8               /home/lm/ps4-payload-sdk/libPS4/libPS4.a(network.o)
libModule           0x4               /home/lm/ps4-payload-sdk/libPS4/libPS4.a(module.o)
readdir_r           0x8               /home/lm/ps4-payload-sdk/libPS4/libPS4.a(libc.o)
sceNetSocket        0x8               /home/lm/ps4-payload-sdk/libPS4/libPS4.a(network.o)
getprogname         0x8               /home/lm/ps4-payload-sdk/libPS4/libPS4.a(libc.o)
readdir             0x8               /home/lm/ps4-payload-sdk/libPS4/libPS4.a(libc.o)
sceSysUtilSendSystemNotificationWithText
                    0x8               /home/lm/ps4-payload-sdk/libPS4/libPS4.a(sysutil.o)
sceUserServiceGetInitialUser
                    0x8               /home/lm/ps4-payload-sdk/libPS4/libPS4.a(sysutil.o)
sceNetInetPton      0x8               /home/lm/ps4-payload-sdk/libPS4/libPS4.a(network.o)
__stack_chk_fail    0x8               /home/lm/ps4-payload-sdk/libPS4/libPS4.a(kernel.o)
sceKernelMapDirectMemory
                    0x8               /home/lm/ps4-payload-sdk/libPS4/libPS4.a(kernel.o)
strtol              0x8               /home/lm/ps4-payload-sdk/libPS4/libPS4.a(libc.o)
snprintf_s          0x8               /home/lm/ps4-payload-sdk/libPS4/libPS4.a(libc.o)
sysarch             0x8               /home/lm/ps4-payload-sdk/libPS4/libPS4.a(kernel.o)
strrchr             0x8               /home/lm/ps4-payload-sdk/libPS4/libPS4.a(libc.o)
calloc              0x8               /home/lm/ps4-payload-sdk/libPS4/libPS4.a(libc.o)
rindex              0x8               /home/lm/ps4-payload-sdk/libPS4/libPS4.a(libc.o)
sceNetGetsockname   0x8               /home/lm/ps4-payload-sdk/libPS4/libPS4.a(network.o)
sceKernelError      0x8               /home/lm/ps4-payload-sdk/libPS4/libPS4.a(kernel.o)
atof                0x8               /home/lm/ps4-payload-sdk/libPS4/libPS4.a(libc.o)
sceNetHtons         0x8               /home/lm/ps4-payload-sdk/libPS4/libPS4.a(network.o)
_Getpctype          0x8               /home/lm/ps4-payload-sdk/libPS4/libPS4.a(libc.o)
sysctl              0x8               /home/lm/ps4-payload-sdk/libPS4/libPS4.a(kernel.o)
fprintf             0x8               /home/lm/ps4-payload-sdk/libPS4/libPS4.a(libc.o)
ctime               0x8               /home/lm/ps4-payload-sdk/libPS4/libPS4.a(libc.o)
sceKernelRead       0x8               /home/lm/ps4-payload-sdk/libPS4/libPS4.a(kernel.o)
strcat              0x8               /home/lm/ps4-payload-sdk/libPS4/libPS4.a(libc.o)
sceNetSend          0x8               /home/lm/ps4-payload-sdk/libPS4/libPS4.a(network.o)
setregid            0x8               /home/lm/ps4-payload-sdk/libPS4/libPS4.a(kernel.o)
fseek               0x8               /home/lm/ps4-payload-sdk/libPS4/libPS4.a(libc.o)
libSceUserService   0x4               /home/lm/ps4-payload-sdk/libPS4/libPS4.a(sysutil.o)
mktime              0x8               /home/lm/ps4-payload-sdk/libPS4/libPS4.a(libc.o)
strstr              0x8               /home/lm/ps4-payload-sdk/libPS4/libPS4.a(libc.o)
__error             0x8               /home/lm/ps4-payload-sdk/libPS4/libPS4.a(kernel.o)
rand                0x8               /home/lm/ps4-payload-sdk/libPS4/libPS4.a(libc.o)
sceKernelSendNotificationRequest
                    0x8               /home/lm/ps4-payload-sdk/libPS4/libPS4.a(kernel.o)
sceNetHtonl         0x8               /home/lm/ps4-payload-sdk/libPS4/libPS4.a(network.o)
setgid              0x8               /home/lm/ps4-payload-sdk/libPS4/libPS4.a(kernel.o)
dirfd               0x8               /home/lm/ps4-payload-sdk/libPS4/libPS4.a(libc.o)
sceNetErrnoLoc      0x8               /home/lm/ps4-payload-sdk/libPS4/libPS4.a(network.o)
sceKernelLseek      0x8               /home/lm/ps4-payload-sdk/libPS4/libPS4.a(kernel.o)
sceKernelStat       0x8               /home/lm/ps4-payload-sdk/libPS4/libPS4.a(kernel.o)
strlcpy             0x8               /home/lm/ps4-payload-sdk/libPS4/libPS4.a(libc.o)
strncmp             0x8               /home/lm/ps4-payload-sdk/libPS4/libPS4.a(libc.o)
sceKernelLoadStartModule
                    0x8               /home/lm/ps4-payload-sdk/libPS4/libPS4.a(kernel.o)
sceSystemServiceLaunchWebBrowser
                    0x8               /home/lm/ps4-payload-sdk/libPS4/libPS4.a(sysutil.o)
strncpy             0x8               /home/lm/ps4-payload-sdk/libPS4/libPS4.a(libc.o)
realloc             0x8               /home/lm/ps4-payload-sdk/libPS4/libPS4.a(libc.o)
sceKernelGetSystemSwVersion
                    0x8               /home/lm/ps4-payload-sdk/libPS4/libPS4.a(kernel.o)
bcopy               0x8               /home/lm/ps4-payload-sdk/libPS4/libPS4.a(libc.o)
strtok              0x8               /home/lm/ps4-payload-sdk/libPS4/libPS4.a(libc.o)
memcmp              0x8               /home/lm/ps4-payload-sdk/libPS4/libPS4.a(libc.o)
sceKernelClose      0x8               /home/lm/ps4-payload-sdk/libPS4/libPS4.a(kernel.o)
sscanf              0x8               /home/lm/ps4-payload-sdk/libPS4/libPS4.a(libc.o)
sceUserServiceGetUserName
                    0x8               /home/lm/ps4-payload-sdk/libPS4/libPS4.a(sysutil.o)
strncat             0x8               /home/lm/ps4-payload-sdk/libPS4/libPS4.a(libc.o)
memmove_s           0x8               /home/lm/ps4-payload-sdk/libPS4/libPS4.a(libc.o)
fread               0x8               /home/lm/ps4-payload-sdk/libPS4/libPS4.a(libc.o)
_Stoul              0x8               /home/lm/ps4-payload-sdk/libPS4/libPS4.a(libc.o)
pthread_setaffinity_np
                    0x8               /home/lm/ps4-payload-sdk/libPS4/libPS4.a(kernel.o)
strdup              0x8               /home/lm/ps4-payload-sdk/libPS4/libPS4.a(libc.o)
sceNetSetsockopt    0x8               /home/lm/ps4-payload-sdk/libPS4/libPS4.a(network.o)
index               0x8               /home/lm/ps4-payload-sdk/libPS4/libPS4.a(libc.o)
libSceSystemService
                    0x4               /home/lm/ps4-payload-sdk/libPS4/libPS4.a(sysutil.o)
sceNetSocketClose   0x8               /home/lm/ps4-payload-sdk/libPS4/libPS4.a(network.o)
fopen               0x8               /home/lm/ps4-payload-sdk/libPS4/libPS4.a(libc.o)
sceKernelGetProcessTime
                    0x8               /home/lm/ps4-payload-sdk/libPS4/libPS4.a(kernel.o)
asctime_r           0x8               /home/lm/ps4-payload-sdk/libPS4/libPS4.a(libc.o)
setreuid            0x8               /home/lm/ps4-payload-sdk/libPS4/libPS4.a(kernel.o)
localtime           0x8               /home/lm/ps4-payload-sdk/libPS4/libPS4.a(libc.o)
memset              0x8               /home/lm/ps4-payload-sdk/libPS4/libPS4.a(libc.o)
ftell               0x8               /home/lm/ps4-payload-sdk/libPS4/libPS4.a(libc.o)
srand               0x8               /home/lm/ps4-payload-sdk/libPS4/libPS4.a(libc.o)
fclose              0x8               /home/lm/ps4-payload-sdk/libPS4/libPS4.a(libc.o)
sceKernelAllocateDirectMemory
                    0x8               /home/lm/ps4-payload-sdk/libPS4/libPS4.a(kernel.o)
time                0x8               /home/lm/ps4-payload-sdk/libPS4/libPS4.a(libc.o)
opendir             0x8               /home/lm/ps4-payload-sdk/libPS4/libPS4.a(libc.o)
strcmp              0x8               /home/lm/ps4-payload-sdk/libPS4/libPS4.a(libc.o)
sceNetRecv          0x8               /home/lm/ps4-payload-sdk/libPS4/libPS4.a(network.o)
sceUserServiceGetLoginUserIdList
                    0x8               /home/lm/ps4-payload-sdk/libPS4/libPS4.a(sysutil.o)
gmtime_s            0x8               /home/lm/ps4-payload-sdk/libPS4/libPS4.a(libc.o)
sceNetBind          0x8               /home/lm/ps4-payload-sdk/libPS4/libPS4.a(network.o)
memalign            0x8               /home/lm/ps4-payload-sdk/libPS4/libPS4.a(libc.o)
sprintf             0x8               /home/lm/ps4-payload-sdk/libPS4/libPS4.a(libc.o)
libNetCtl           0x4               /home/lm/ps4-payload-sdk/libPS4/libPS4.a(network.o)
sceNetConnect       0x8               /home/lm/ps4-payload-sdk/libPS4/libPS4.a(network.o)
sceNetNtohs         0x8               /home/lm/ps4-payload-sdk/libPS4/libPS4.a(network.o)
ctime_r             0x8               /home/lm/ps4-payload-sdk/libPS4/libPS4.a(libc.o)
sceKernelUsleep     0x8               /home/lm/ps4-payload-sdk/libPS4/libPS4.a(kernel.o)
sceNetCtlTerm       0x8               /home/lm/ps4-payload-sdk/libPS4/libPS4.a(network.o)
buf                 0xc8              build/main.o
sceKernelAddUserEvent
                    0x8               /home/lm/ps4-payload-sdk/libPS4/libPS4.a(kernel.o)
pthread_self        0x8               /home/lm/ps4-payload-sdk/libPS4/libPS4.a(kernel.o)
sceUserServiceTerminate
                    0x8               /home/lm/ps4-payload-sdk/libPS4/libPS4.a(sysutil.o)
localtime_r         0x8               /home/lm/ps4-payload-sdk/libPS4/libPS4.a(libc.o)
sceNetListen        0x8               /home/lm/ps4-payload-sdk/libPS4/libPS4.a(network.o)
isdigit             0x8               /home/lm/ps4-payload-sdk/libPS4/libPS4.a(libc.o)
sceKernelReboot     0x8               /home/lm/ps4-payload-sdk/libPS4/libPS4.a(sysutil.o)
fwrite              0x8               /home/lm/ps4-payload-sdk/libPS4/libPS4.a(libc.o)
sceKernelCreateEqueue
                    0x8               /home/lm/ps4-payload-sdk/libPS4/libPS4.a(kernel.o)
sceNetNtohl         0x8               /home/lm/ps4-payload-sdk/libPS4/libPS4.a(network.o)
sceNetGetsockopt    0x8               /home/lm/ps4-payload-sdk/libPS4/libPS4.a(network.o)
atoi                0x8               /home/lm/ps4-payload-sdk/libPS4/libPS4.a(libc.o)
gmtime              0x8               /home/lm/ps4-payload-sdk/libPS4/libPS4.a(libc.o)
strlen              0x8               /home/lm/ps4-payload-sdk/libPS4/libPS4.a(libc.o)
sceKernelOpen       0x8               /home/lm/ps4-payload-sdk/libPS4/libPS4.a(kernel.o)
strchr              0x8               /home/lm/ps4-payload-sdk/libPS4/libPS4.a(libc.o)
sceNetAccept        0x8               /home/lm/ps4-payload-sdk/libPS4/libPS4.a(network.o)
libNet              0x4               /home/lm/ps4-payload-sdk/libPS4/libPS4.a(network.o)
closedir            0x8               /home/lm/ps4-payload-sdk/libPS4/libPS4.a(libc.o)
setuid              0x8               /home/lm/ps4-payload-sdk/libPS4/libPS4.a(kernel.o)
sysUtilHandle       0x4               /home/lm/ps4-payload-sdk/libPS4/libPS4.a(sysutil.o)
sceKernelGetFsSandboxRandomWord
                    0x8               /home/lm/ps4-payload-sdk/libPS4/libPS4.a(kernel.o)
sceKernelAddReadEvent
                    0x8               /home/lm/ps4-payload-sdk/libPS4/libPS4.a(kernel.o)
sceNetSocketAbort   0x8               /home/lm/ps4-payload-sdk/libPS4/libPS4.a(network.o)
telldir             0x8               /home/lm/ps4-payload-sdk/libPS4/libPS4.a(libc.o)
sysctlbyname        0x8               /home/lm/ps4-payload-sdk/libPS4/libPS4.a(kernel.o)
free                0x8               /home/lm/ps4-payload-sdk/libPS4/libPS4.a(libc.o)

Discarded input sections

 .data          0x0000000000000000        0x0 /tmp/ccs2xlap.o
 .bss           0x0000000000000000        0x0 /tmp/ccs2xlap.o
 .text          0x0000000000000000        0x0 build/main.o
 .data          0x0000000000000000        0x0 build/main.o
 .bss           0x0000000000000000        0x0 build/main.o
 .data.page_size
                0x0000000000000000        0x8 build/main.o
 .comment       0x0000000000000000       0x2c build/main.o
 .note.GNU-stack
                0x0000000000000000        0x0 build/main.o
 .note.gnu.property
                0x0000000000000000       0x20 build/main.o
 .eh_frame      0x0000000000000000       0x60 build/main.o
 .data          0x0000000000000000        0x0 /home/lm/ps4-payload-sdk/libPS4/libPS4.a(file.o)
 .bss           0x0000000000000000        0x0 /home/lm/ps4-payload-sdk/libPS4/libPS4.a(file.o)
 .text.getSandboxDirectory
                0x0000000000000000       0x1b /home/lm/ps4-payload-sdk/libPS4/libPS4.a(file.o)
 .text.file_exists
                0x0000000000000000       0x23 /home/lm/ps4-payload-sdk/libPS4/libPS4.a(file.o)
 .text.dir_exists
                0x0000000000000000       0x28 /home/lm/ps4-payload-sdk/libPS4/libPS4.a(file.o)
 .text.symlink_exists
                0x0000000000000000       0x3a /home/lm/ps4-payload-sdk/libPS4/libPS4.a(file.o)
 .text.copy_file
                0x0000000000000000       0x99 /home/lm/ps4-payload-sdk/libPS4/libPS4.a(file.o)
 .rodata.copy_dir.str1.1
                0x0000000000000000        0xb /home/lm/ps4-payload-sdk/libPS4/libPS4.a(file.o)
 .text.copy_dir
                0x0000000000000000      0x132 /home/lm/ps4-payload-sdk/libPS4/libPS4.a(file.o)
 .text.file_compare
                0x0000000000000000      0x175 /home/lm/ps4-payload-sdk/libPS4/libPS4.a(file.o)
 .text.rmtree   0x0000000000000000      0x143 /home/lm/ps4-payload-sdk/libPS4/libPS4.a(file.o)
 .text.fgetc_pointer
                0x0000000000000000       0x2c /home/lm/ps4-payload-sdk/libPS4/libPS4.a(file.o)
 .text.build_iovec
                0x0000000000000000       0xec /home/lm/ps4-payload-sdk/libPS4/libPS4.a(file.o)
 .rodata.mount_large_fs.str1.1
                0x0000000000000000       0x4b /home/lm/ps4-payload-sdk/libPS4/libPS4.a(file.o)
 .text.mount_large_fs
                0x0000000000000000      0x14f /home/lm/ps4-payload-sdk/libPS4/libPS4.a(file.o)
 .comment       0x0000000000000000       0x2c /home/lm/ps4-payload-sdk/libPS4/libPS4.a(file.o)
 .note.GNU-stack
                0x0000000000000000        0x0 /home/lm/ps4-payload-sdk/libPS4/libPS4.a(file.o)
 .note.gnu.property
                0x0000000000000000       0x20 /home/lm/ps4-payload-sdk/libPS4/libPS4.a(file.o)
 .eh_frame      0x0000000000000000      0x260 /home/lm/ps4-payload-sdk/libPS4/libPS4.a(file.o)
 .text          0x0000000000000000        0x0 /home/lm/ps4-payload-sdk/libPS4/libPS4.a(sysutil.o)
 .data          0x0000000000000000        0x0 /home/lm/ps4-payload-sdk/libPS4/libPS4.a(sysutil.o)
 .bss           0x0000000000000000        0x0 /home/lm/ps4-payload-sdk/libPS4/libPS4.a(sysutil.o)
 .rodata.initUserService.str1.1
                0x0000000000000000       0xb3 /home/lm/ps4-payload-sdk/libPS4/libPS4.a(sysutil.o)
 .text.initUserService
                0x0000000000000000       0x9f /home/lm/ps4-payload-sdk/libPS4/libPS4.a(sysutil.o)
 .text.openBrowser
                0x0000000000000000       0x12 /home/lm/ps4-payload-sdk/libPS4/libPS4.a(sysutil.o)
 .text.getUserIDList
                0x0000000000000000       0x47 /home/lm/ps4-payload-sdk/libPS4/libPS4.a(sysutil.o)
 .text.getUserID
                0x0000000000000000       0x18 /home/lm/ps4-payload-sdk/libPS4/libPS4.a(sysutil.o)
 .text.getUserName
                0x0000000000000000       0x8d /home/lm/ps4-payload-sdk/libPS4/libPS4.a(sysutil.o)
 .text.getInitialUser
                0x0000000000000000       0x45 /home/lm/ps4-payload-sdk/libPS4/libPS4.a(sysutil.o)
 .rodata.shutdown.str1.1
                0x0000000000000000       0x11 /home/lm/ps4-payload-sdk/libPS4/libPS4.a(sysutil.o)
 .text.shutdown
                0x0000000000000000       0x55 /home/lm/ps4-payload-sdk/libPS4/libPS4.a(sysutil.o)
 .rodata.reboot.str1.1
                0x0000000000000000       0x32 /home/lm/ps4-payload-sdk/libPS4/libPS4.a(sysutil.o)
 .text.reboot   0x0000000000000000       0x41 /home/lm/ps4-payload-sdk/libPS4/libPS4.a(sysutil.o)
 .comment       0x0000000000000000       0x2c /home/lm/ps4-payload-sdk/libPS4/libPS4.a(sysutil.o)
 .note.GNU-stack
                0x0000000000000000        0x0 /home/lm/ps4-payload-sdk/libPS4/libPS4.a(sysutil.o)
 .note.gnu.property
                0x0000000000000000       0x20 /home/lm/ps4-payload-sdk/libPS4/libPS4.a(sysutil.o)
 .eh_frame      0x0000000000000000      0x120 /home/lm/ps4-payload-sdk/libPS4/libPS4.a(sysutil.o)
 .text          0x0000000000000000        0x0 /home/lm/ps4-payload-sdk/libPS4/libPS4.a(debug.o)
 .data          0x0000000000000000        0x0 /home/lm/ps4-payload-sdk/libPS4/libPS4.a(debug.o)
 .bss           0x0000000000000000        0x0 /home/lm/ps4-payload-sdk/libPS4/libPS4.a(debug.o)
 .comment       0x0000000000000000       0x2c /home/lm/ps4-payload-sdk/libPS4/libPS4.a(debug.o)
 .note.GNU-stack
                0x0000000000000000        0x0 /home/lm/ps4-payload-sdk/libPS4/libPS4.a(debug.o)
 .note.gnu.property
                0x0000000000000000       0x20 /home/lm/ps4-payload-sdk/libPS4/libPS4.a(debug.o)
 .text          0x0000000000000000        0x0 /home/lm/ps4-payload-sdk/libPS4/libPS4.a(libc.o)
 .data          0x0000000000000000        0x0 /home/lm/ps4-payload-sdk/libPS4/libPS4.a(libc.o)
 .bss           0x0000000000000000        0x0 /home/lm/ps4-payload-sdk/libPS4/libPS4.a(libc.o)
 .text.memset_s
                0x0000000000000000       0x51 /home/lm/ps4-payload-sdk/libPS4/libPS4.a(libc.o)
 .comment       0x0000000000000000       0x2c /home/lm/ps4-payload-sdk/libPS4/libPS4.a(libc.o)
 .note.GNU-stack
                0x0000000000000000        0x0 /home/lm/ps4-payload-sdk/libPS4/libPS4.a(libc.o)
 .note.gnu.property
                0x0000000000000000       0x20 /home/lm/ps4-payload-sdk/libPS4/libPS4.a(libc.o)
 .eh_frame      0x0000000000000000       0x68 /home/lm/ps4-payload-sdk/libPS4/libPS4.a(libc.o)
 .data          0x0000000000000000        0x0 /home/lm/ps4-payload-sdk/libPS4/libPS4.a(module.o)
 .bss           0x0000000000000000        0x0 /home/lm/ps4-payload-sdk/libPS4/libPS4.a(module.o)
 .text.getModuleInfo
                0x0000000000000000       0x1f /home/lm/ps4-payload-sdk/libPS4/libPS4.a(module.o)
 .text.unloadModule
                0x0000000000000000       0x19 /home/lm/ps4-payload-sdk/libPS4/libPS4.a(module.o)
 .rodata.initModule.str1.1
                0x0000000000000000       0x2c /home/lm/ps4-payload-sdk/libPS4/libPS4.a(module.o)
 .text.initModule
                0x0000000000000000       0x47 /home/lm/ps4-payload-sdk/libPS4/libPS4.a(module.o)
 .comment       0x0000000000000000       0x2c /home/lm/ps4-payload-sdk/libPS4/libPS4.a(module.o)
 .note.GNU-stack
                0x0000000000000000        0x0 /home/lm/ps4-payload-sdk/libPS4/libPS4.a(module.o)
 .note.gnu.property
                0x0000000000000000       0x20 /home/lm/ps4-payload-sdk/libPS4/libPS4.a(module.o)
 .eh_frame      0x0000000000000000       0x80 /home/lm/ps4-payload-sdk/libPS4/libPS4.a(module.o)
 COMMON         0x0000000000000000        0xc /home/lm/ps4-payload-sdk/libPS4/libPS4.a(module.o)
 .text          0x0000000000000000        0x0 /home/lm/ps4-payload-sdk/libPS4/libPS4.a(network.o)
 .data          0x0000000000000000        0x0 /home/lm/ps4-payload-sdk/libPS4/libPS4.a(network.o)
 .bss           0x0000000000000000        0x0 /home/lm/ps4-payload-sdk/libPS4/libPS4.a(network.o)
 .rodata.initNetwork.str1.1
                0x0000000000000000      0x173 /home/lm/ps4-payload-sdk/libPS4/libPS4.a(network.o)
 .text.initNetwork
                0x0000000000000000      0x258 /home/lm/ps4-payload-sdk/libPS4/libPS4.a(network.o)
 .text.SckConnect
                0x0000000000000000       0xa9 /home/lm/ps4-payload-sdk/libPS4/libPS4.a(network.o)
 .text.SckClose
                0x0000000000000000        0xd /home/lm/ps4-payload-sdk/libPS4/libPS4.a(network.o)
 .text.SckRecv  0x0000000000000000       0xce /home/lm/ps4-payload-sdk/libPS4/libPS4.a(network.o)
 .text.SckRecvf
                0x0000000000000000       0x7b /home/lm/ps4-payload-sdk/libPS4/libPS4.a(network.o)
 .comment       0x0000000000000000       0x2c /home/lm/ps4-payload-sdk/libPS4/libPS4.a(network.o)
 .note.GNU-stack
                0x0000000000000000        0x0 /home/lm/ps4-payload-sdk/libPS4/libPS4.a(network.o)
 .note.gnu.property
                0x0000000000000000       0x20 /home/lm/ps4-payload-sdk/libPS4/libPS4.a(network.o)
 .eh_frame      0x0000000000000000      0x118 /home/lm/ps4-payload-sdk/libPS4/libPS4.a(network.o)
 .text          0x0000000000000000       0x24 /home/lm/ps4-payload-sdk/libPS4/libPS4.a(kernel.o)
 .data          0x0000000000000000        0x0 /home/lm/ps4-payload-sdk/libPS4/libPS4.a(kernel.o)
 .bss           0x0000000000000000        0x0 /home/lm/ps4-payload-sdk/libPS4/libPS4.a(kernel.o)
 .comment       0x0000000000000000       0x2c /home/lm/ps4-payload-sdk/libPS4/libPS4.a(kernel.o)
 .note.GNU-stack
                0x0000000000000000        0x0 /home/lm/ps4-payload-sdk/libPS4/libPS4.a(kernel.o)
 .note.gnu.property
                0x0000000000000000       0x20 /home/lm/ps4-payload-sdk/libPS4/libPS4.a(kernel.o)
 .eh_frame      0x0000000000000000       0x50 /home/lm/ps4-payload-sdk/libPS4/libPS4.a(kernel.o)
 .data          0x0000000000000000        0x0 /home/lm/ps4-payload-sdk/libPS4/libPS4.a(syscall.o)
 .bss           0x0000000000000000        0x0 /home/lm/ps4-payload-sdk/libPS4/libPS4.a(syscall.o)

Memory Configuration

Name             Origin             Length             Attributes
*default*        0x0000000000000000 0xffffffffffffffff

Linker script and memory map

LOAD /tmp/ccs2xlap.o
LOAD build/main.o

.text           0x0000000000000000      0xe3b
 *(.text.start)
 *(.text*)
 .text          0x0000000000000000        0x5 /tmp/ccs2xlap.o
                0x0000000000000000                _start
 .text.kpayload
                0x0000000000000005       0x72 build/main.o
                0x0000000000000005                kpayload
 .text._main    0x0000000000000077      0x234 build/main.o
                0x0000000000000077                _main
 .text          0x00000000000002ab      0x108 /home/lm/ps4-payload-sdk/libPS4/libPS4.a(file.o)
                0x00000000000002ab                read
                0x00000000000002b7                write
                0x00000000000002c3                open
                0x00000000000002cf                close
                0x00000000000002db                unlink
                0x00000000000002e7                link
                0x00000000000002f3                readlink
                0x00000000000002ff                symlink
                0x000000000000030b                mount
                0x0000000000000317                nmount
                0x0000000000000323                unmount
                0x000000000000032f                fchown
                0x000000000000033b                fchmod
                0x0000000000000347                rename
                0x0000000000000353                mkdir
                0x000000000000035f                rmdir
                0x000000000000036b                stat
                0x0000000000000377                fstat
                0x0000000000000383                lstat
                0x000000000000038f                getdents
                0x000000000000039b                lseek
                0x00000000000003a7                fstatat
 .text.touch_file
                0x00000000000003b3       0x23 /home/lm/ps4-payload-sdk/libPS4/libPS4.a(file.o)
                0x00000000000003b3                touch_file
 .text.initSysUtil
                0x00000000000003d6       0x86 /home/lm/ps4-payload-sdk/libPS4/libPS4.a(sysutil.o)
                0x00000000000003d6                initSysUtil
 .text.initLibc
                0x000000000000045c      0x5d2 /home/lm/ps4-payload-sdk/libPS4/libPS4.a(libc.o)
                0x000000000000045c                initLibc
 .text          0x0000000000000a2e       0x18 /home/lm/ps4-payload-sdk/libPS4/libPS4.a(module.o)
                0x0000000000000a2e                getFunctionAddressByName
                0x0000000000000a3a                getLoadedModules
 .text.loadModule
                0x0000000000000a46       0x1e /home/lm/ps4-payload-sdk/libPS4/libPS4.a(module.o)
                0x0000000000000a46                loadModule
 .text.SckSend  0x0000000000000a64       0x15 /home/lm/ps4-payload-sdk/libPS4/libPS4.a(network.o)
                0x0000000000000a64                SckSend
 .text.initKernel
                0x0000000000000a79      0x394 /home/lm/ps4-payload-sdk/libPS4/libPS4.a(kernel.o)
                0x0000000000000a79                initKernel
 .text          0x0000000000000e0d       0x2e /home/lm/ps4-payload-sdk/libPS4/libPS4.a(syscall.o)
                0x0000000000000e0d                syscall
                0x0000000000000e10                syscall_macro

.plt            0x0000000000000e40        0x0
 .plt           0x0000000000000e40        0x0 /tmp/ccs2xlap.o

.plt.got        0x0000000000000e40        0x0
 .plt.got       0x0000000000000e40        0x0 /tmp/ccs2xlap.o

.rodata         0x0000000000000e3b      0x68b
 *(.rodata)
 *(.rodata*)
 .rodata._main.str1.1
                0x0000000000000e3b      0x136 build/main.o
 .rodata.initSysUtil.str1.1
                0x0000000000000f71       0x9c /home/lm/ps4-payload-sdk/libPS4/libPS4.a(sysutil.o)
 .rodata.initLibc.str1.1
                0x000000000000100d      0x1f8 /home/lm/ps4-payload-sdk/libPS4/libPS4.a(libc.o)
                                        0x216 (size before relaxing)
 .rodata.initKernel.str1.1
                0x0000000000001205      0x2c1 /home/lm/ps4-payload-sdk/libPS4/libPS4.a(kernel.o)
                                        0x2d4 (size before relaxing)

.gnu.version_d  0x00000000000014c8        0x0
 .gnu.version_d
                0x00000000000014c8        0x0 /tmp/ccs2xlap.o

.gnu.version    0x00000000000014c6        0x0
 .gnu.version   0x00000000000014c6        0x0 /tmp/ccs2xlap.o

.gnu.version_r  0x00000000000014c8        0x0
 .gnu.version_r
                0x00000000000014c8        0x0 /tmp/ccs2xlap.o

.dynsym         0x00000000000014c8       0x18
 .dynsym        0x00000000000014c8       0x18 /tmp/ccs2xlap.o

.dynstr         0x00000000000014e0        0x1
 .dynstr        0x00000000000014e0        0x1 /tmp/ccs2xlap.o

.gnu.hash       0x00000000000014e8       0x1c
 .gnu.hash      0x00000000000014e8       0x1c /tmp/ccs2xlap.o

.eh_frame_hdr   0x0000000000001504        0x0
 .eh_frame_hdr  0x0000000000001504        0x0 build/main.o

.rela.dyn       0x0000000000001508        0x0
 .rela.plt      0x0000000000001508        0x0 /tmp/ccs2xlap.o
 .rela.got      0x0000000000001508        0x0 /tmp/ccs2xlap.o
 .rela.bss      0x0000000000001508        0x0 /tmp/ccs2xlap.o
 .rela.data.rel.ro
                0x0000000000001508        0x0 /tmp/ccs2xlap.o
 .rela.ifunc    0x0000000000001508        0x0 /tmp/ccs2xlap.o
 .rela.text._main
                0x0000000000001508        0x0 /tmp/ccs2xlap.o
 .rela.text.initSysUtil
                0x0000000000001508        0x0 /tmp/ccs2xlap.o
 .rela.text.initLibc
                0x0000000000001508        0x0 /tmp/ccs2xlap.o
 .rela.text.SckSend
                0x0000000000001508        0x0 /tmp/ccs2xlap.o
 .rela.text.initKernel
                0x0000000000001508        0x0 /tmp/ccs2xlap.o
 .rela.text     0x0000000000001508        0x0 /tmp/ccs2xlap.o

.data
 *(.data)

.dynamic        0x0000000000001508       0xe0
 .dynamic       0x0000000000001508       0xe0 /tmp/ccs2xlap.o
                0x0000000000001508                _DYNAMIC

.got            0x00000000000015e8        0x0
 .got           0x00000000000015e8        0x0 /tmp/ccs2xlap.o

.got.plt        0x00000000000015e8        0x0
 .got.plt       0x00000000000015e8        0x0 /tmp/ccs2xlap.o

.data.rel.ro    0x00000000000015e8        0x0
 .data.rel.ro   0x00000000000015e8        0x0 /tmp/ccs2xlap.o

.data.DEBUG_SOCK
                0x00000000000015e8        0x4
 .data.DEBUG_SOCK
                0x00000000000015e8        0x4 /home/lm/ps4-payload-sdk/libPS4/libPS4.a(debug.o)
                0x00000000000015e8                DEBUG_SOCK

.bss            0x0000000000001600      0x550
 *(.bss)
 COMMON         0x0000000000001600       0xc8 build/main.o
                0x0000000000001600                buf
 COMMON         0x00000000000016c8       0x54 /home/lm/ps4-payload-sdk/libPS4/libPS4.a(sysutil.o)
                0x00000000000016c8                sceUserServiceInitialize
                0x00000000000016d0                sceSysUtilSendSystemNotificationWithText
                0x00000000000016d8                sceUserServiceGetInitialUser
                0x00000000000016e0                libSceUserService
                0x00000000000016e8                sceSystemServiceLaunchWebBrowser
                0x00000000000016f0                sceUserServiceGetUserName
                0x00000000000016f8                libSceSystemService
                0x0000000000001700                sceUserServiceGetLoginUserIdList
                0x0000000000001708                sceUserServiceTerminate
                0x0000000000001710                sceKernelReboot
                0x0000000000001718                sysUtilHandle
 *fill*         0x000000000000171c        0x4 
 COMMON         0x0000000000001720      0x220 /home/lm/ps4-payload-sdk/libPS4/libPS4.a(libc.o)
                0x0000000000001720                strcpy
                0x0000000000001728                asctime
                0x0000000000001730                libc
                0x0000000000001738                strerror
                0x0000000000001740                memmove
                0x0000000000001748                snprintf
                0x0000000000001750                strncpy_s
                0x0000000000001758                ceil
                0x0000000000001760                memcpy
                0x0000000000001768                seekdir
                0x0000000000001770                rewinddir
                0x0000000000001778                malloc
                0x0000000000001780                readdir_r
                0x0000000000001788                getprogname
                0x0000000000001790                readdir
                0x0000000000001798                strtol
                0x00000000000017a0                snprintf_s
                0x00000000000017a8                strrchr
                0x00000000000017b0                calloc
                0x00000000000017b8                rindex
                0x00000000000017c0                atof
                0x00000000000017c8                _Getpctype
                0x00000000000017d0                fprintf
                0x00000000000017d8                ctime
                0x00000000000017e0                strcat
                0x00000000000017e8                fseek
                0x00000000000017f0                mktime
                0x00000000000017f8                strstr
                0x0000000000001800                rand
                0x0000000000001808                dirfd
                0x0000000000001810                strlcpy
                0x0000000000001818                strncmp
                0x0000000000001820                strncpy
                0x0000000000001828                realloc
                0x0000000000001830                bcopy
                0x0000000000001838                strtok
                0x0000000000001840                memcmp
                0x0000000000001848                sscanf
                0x0000000000001850                strncat
                0x0000000000001858                memmove_s
                0x0000000000001860                fread
                0x0000000000001868                _Stoul
                0x0000000000001870                strdup
                0x0000000000001878                index
                0x0000000000001880                fopen
                0x0000000000001888                asctime_r
                0x0000000000001890                localtime
                0x0000000000001898                memset
                0x00000000000018a0                ftell
                0x00000000000018a8                srand
                0x00000000000018b0                fclose
                0x00000000000018b8                time
                0x00000000000018c0                opendir
                0x00000000000018c8                strcmp
                0x00000000000018d0                gmtime_s
                0x00000000000018d8                memalign
                0x00000000000018e0                sprintf
                0x00000000000018e8                ctime_r
                0x00000000000018f0                localtime_r
                0x00000000000018f8                isdigit
                0x0000000000001900                fwrite
                0x0000000000001908                atoi
                0x0000000000001910                gmtime
                0x0000000000001918                strlen
                0x0000000000001920                strchr
                0x0000000000001928                closedir
                0x0000000000001930                telldir
                0x0000000000001938                free
 COMMON         0x0000000000001940       0xd0 /home/lm/ps4-payload-sdk/libPS4/libPS4.a(network.o)
                0x0000000000001940                sceNetCtlInit
                0x0000000000001948                sceNetHtonll
                0x0000000000001950                sceNetNtohll
                0x0000000000001958                sceNetCtlGetInfo
                0x0000000000001960                sceNetInetNtop
                0x0000000000001968                sceNetSocket
                0x0000000000001970                sceNetInetPton
                0x0000000000001978                sceNetGetsockname
                0x0000000000001980                sceNetHtons
                0x0000000000001988                sceNetSend
                0x0000000000001990                sceNetHtonl
                0x0000000000001998                sceNetErrnoLoc
                0x00000000000019a0                sceNetSetsockopt
                0x00000000000019a8                sceNetSocketClose
                0x00000000000019b0                sceNetRecv
                0x00000000000019b8                sceNetBind
                0x00000000000019c0                libNetCtl
                0x00000000000019c8                sceNetConnect
                0x00000000000019d0                sceNetNtohs
                0x00000000000019d8                sceNetCtlTerm
                0x00000000000019e0                sceNetListen
                0x00000000000019e8                sceNetNtohl
                0x00000000000019f0                sceNetGetsockopt
                0x00000000000019f8                sceNetAccept
                0x0000000000001a00                libNet
                0x0000000000001a08                sceNetSocketAbort
 COMMON         0x0000000000001a10      0x140 /home/lm/ps4-payload-sdk/libPS4/libPS4.a(kernel.o)
                0x0000000000001a10                sceKernelGettimeofday
                0x0000000000001a18                getgid
                0x0000000000001a20                libKernelHandle
                0x0000000000001a28                __stack_chk_guard
                0x0000000000001a30                sceKernelGetDirectMemorySize
                0x0000000000001a38                execve
                0x0000000000001a40                getpid
                0x0000000000001a48                sceKernelSleep
                0x0000000000001a50                sceKernelGetCurrentCpu
                0x0000000000001a58                sceKernelDeleteEqueue
                0x0000000000001a60                sceKernelGetCpuTemperature
                0x0000000000001a68                getuid
                0x0000000000001a70                __stack_chk_fail
                0x0000000000001a78                sceKernelMapDirectMemory
                0x0000000000001a80                sysarch
                0x0000000000001a88                sceKernelError
                0x0000000000001a90                sysctl
                0x0000000000001a98                sceKernelRead
                0x0000000000001aa0                setregid
                0x0000000000001aa8                __error
                0x0000000000001ab0                sceKernelSendNotificationRequest
                0x0000000000001ab8                setgid
                0x0000000000001ac0                sceKernelLseek
                0x0000000000001ac8                sceKernelStat
                0x0000000000001ad0                sceKernelLoadStartModule
                0x0000000000001ad8                sceKernelGetSystemSwVersion
                0x0000000000001ae0                sceKernelClose
                0x0000000000001ae8                pthread_setaffinity_np
                0x0000000000001af0                sceKernelGetProcessTime
                0x0000000000001af8                setreuid
                0x0000000000001b00                sceKernelAllocateDirectMemory
                0x0000000000001b08                sceKernelUsleep
                0x0000000000001b10                sceKernelAddUserEvent
                0x0000000000001b18                pthread_self
                0x0000000000001b20                sceKernelCreateEqueue
                0x0000000000001b28                sceKernelOpen
                0x0000000000001b30                setuid
                0x0000000000001b38                sceKernelGetFsSandboxRandomWord
                0x0000000000001b40                sceKernelAddReadEvent
                0x0000000000001b48                sysctlbyname

.dynbss         0x0000000000001b50        0x0
 .dynbss        0x0000000000001b50        0x0 /tmp/ccs2xlap.o

.bss.kernel_base
                0x0000000000001b50        0x8
 .bss.kernel_base
                0x0000000000001b50        0x8 build/main.o
                0x0000000000001b50                kernel_base

.bss.sceKernelDebugOutText
                0x0000000000001b58        0x8
 .bss.sceKernelDebugOutText
                0x0000000000001b58        0x8 build/main.o

/DISCARD/
 *(.comment)
 *(.note.GNU-stack)
 *(.eh_frame)
 *(.interp)
LOAD /home/lm/ps4-payload-sdk/libPS4/libPS4.a
OUTPUT(temp.t elf64-x86-64)
